2025-12-10 22:28:49 - Action: qp_media_filters
2025-12-10 22:28:49 - Action: qp_media_list
2025-12-10 22:28:51 - Action: qp_media_list
2025-12-10 22:28:52 - Action: qp_media_list
2025-12-10 22:28:52 - Action: qp_media_list
2025-12-10 22:28:54 - Action: qp_media_list
2025-12-10 22:28:55 - Action: qp_media_list
2025-12-10 22:28:55 - Action: qp_media_list
2025-12-10 22:28:56 - Action: qp_media_list
2025-12-10 22:28:58 - Action: qp_media_list
2025-12-10 22:28:58 - Action: qp_media_list
2025-12-10 22:28:59 - Action: qp_media_list
2025-12-10 22:29:01 - Action: qp_media_list
2025-12-10 22:29:01 - Action: qp_media_list
2025-12-10 22:29:02 - Action: qp_media_list
2025-12-10 22:29:06 - Action: qp_media_list
2025-12-10 22:29:06 - Action: qp_media_list
2025-12-10 22:29:06 - Action: qp_media_list
2025-12-10 22:29:08 - Action: qp_media_list
2025-12-10 22:29:08 - Action: qp_media_list
2025-12-10 22:29:09 - Action: qp_media_list
2025-12-10 22:29:12 - Action: qp_media_list
2025-12-10 22:29:12 - Action: qp_media_list
2025-12-10 22:29:12 - Action: qp_media_list
2025-12-10 22:29:15 - Action: qp_media_filters
2025-12-10 22:29:15 - Action: qp_media_list
2025-12-10 22:29:16 - Action: qp_media_list
2025-12-10 22:29:21 - Action: qp_media_list
2025-12-10 22:29:21 - Action: qp_media_list
2025-12-10 22:29:25 - Action: qp_media_list
2025-12-10 22:29:25 - Action: qp_media_list
2025-12-10 22:29:26 - Action: qp_media_list
2025-12-10 22:29:33 - Action: qp_media_list
2025-12-10 22:29:34 - Action: qp_media_list
2025-12-10 22:31:46 - Action: qp_media_filters
2025-12-10 22:31:46 - Action: qp_media_list
2025-12-10 22:31:47 - Action: qp_media_list
2025-12-10 22:31:50 - Action: qp_media_list
2025-12-10 22:31:50 - Action: qp_media_list
2025-12-10 22:31:51 - Action: qp_media_list
2025-12-10 22:31:55 - Action: qp_media_list
2025-12-10 22:31:55 - Action: qp_media_list
2025-12-10 22:31:56 - Action: qp_media_list
2025-12-10 22:31:57 - Action: qp_media_list
2025-12-10 22:31:57 - Action: qp_media_list
2025-12-10 22:32:01 - Action: qp_media_list
2025-12-10 22:32:01 - Action: qp_media_list
2025-12-10 22:32:02 - Action: qp_media_list
2025-12-10 22:32:03 - Action: qp_media_list
2025-12-10 22:32:03 - Action: qp_media_list
2025-12-10 22:32:04 - Action: qp_media_list
2025-12-10 22:32:09 - Action: qp_media_list
2025-12-10 22:32:09 - Action: qp_media_list
2025-12-10 22:32:10 - Action: qp_media_list
2025-12-10 22:32:13 - Action: qp_media_list
2025-12-10 22:32:13 - Action: qp_media_list
2025-12-10 22:32:15 - Action: qp_media_list
2025-12-10 22:32:15 - Action: qp_media_list
2025-12-10 22:32:33 - Action: qp_media_list
2025-12-10 22:32:33 - Action: qp_media_list
2025-12-10 22:32:34 - Action: qp_media_list
2025-12-10 22:32:37 - Action: qp_media_list
2025-12-10 22:32:37 - Action: qp_media_list
2025-12-10 22:32:38 - Action: qp_media_list
2025-12-10 22:32:41 - Action: qp_media_get
2025-12-10 22:33:20 - Action: qp_media_filters
2025-12-10 22:33:20 - Action: qp_media_list
2025-12-10 22:33:26 - Action: qp_media_allowed_mimes
2025-12-10 22:33:26 - Action: qp_media_list
2025-12-10 22:33:30 - Action: qp_media_list
2025-12-10 22:34:03 - Action: qp_media_filters
2025-12-10 22:34:03 - Action: qp_media_list
2025-12-10 22:34:06 - Action: qp_media_list
2025-12-10 22:34:06 - Action: qp_media_list
2025-12-10 22:34:08 - Action: qp_media_list
2025-12-10 22:34:09 - Action: qp_media_list
2025-12-10 22:34:13 - Action: qp_media_list
2025-12-10 22:34:16 - Action: qp_media_list
2025-12-10 22:34:16 - Action: qp_media_list
2025-12-10 22:34:18 - Action: qp_media_list
2025-12-10 22:34:21 - Action: qp_media_list
2025-12-10 22:34:21 - Action: qp_media_list
2025-12-10 22:34:26 - Action: qp_media_list
2025-12-10 22:34:27 - Action: qp_media_list
2025-12-10 22:34:28 - Action: qp_media_list
2025-12-10 22:34:29 - Action: qp_media_list
2025-12-10 22:34:32 - Action: qp_media_list
2025-12-10 22:35:10 - Action: qp_media_list
2025-12-10 22:35:12 - Action: qp_media_get
2025-12-10 22:36:15 - Action: qp_media_filters
2025-12-10 22:36:15 - Action: qp_media_list
2025-12-10 22:36:15 - REQUEST_VARS: {"action":"qp_media_list","p":"1","per_page":"24"}
2025-12-10 22:36:16 - Action: qp_media_list
2025-12-10 22:36:16 - REQUEST_VARS: {"action":"qp_media_list","p":"2","per_page":"24"}
2025-12-10 22:36:18 - Action: qp_media_list
2025-12-10 22:36:18 - REQUEST_VARS: {"action":"qp_media_list","p":"1","per_page":"24","file_mode":"jpeg"}
2025-12-10 22:36:18 - Action: qp_media_list
2025-12-10 22:36:18 - REQUEST_VARS: {"action":"qp_media_list","p":"1","per_page":"24","file_mode":"jpeg"}
2025-12-10 22:36:19 - Action: qp_media_list
2025-12-10 22:36:19 - REQUEST_VARS: {"action":"qp_media_list","p":"3","per_page":"24","file_mode":"jpeg"}
2025-12-10 22:36:21 - Action: qp_media_list
2025-12-10 22:36:21 - REQUEST_VARS: {"action":"qp_media_list","p":"1","per_page":"24","file_mode":"images"}
2025-12-10 22:36:21 - Action: qp_media_list
2025-12-10 22:36:21 - REQUEST_VARS: {"action":"qp_media_list","p":"1","per_page":"24","file_mode":"images"}
2025-12-10 22:36:23 - Action: qp_media_filters
2025-12-10 22:36:23 - Action: qp_media_list
2025-12-10 22:36:23 - REQUEST_VARS: {"action":"qp_media_list","p":"1","per_page":"24"}
2025-12-10 22:38:29 - Action: qp_media_filters
2025-12-10 22:38:29 - Action: qp_media_list
2025-12-10 22:38:29 - REQUEST_VARS: {"action":"qp_media_list","p":"1","per_page":"24"}
2025-12-10 22:38:29 - qp_media_list DEBUG: file_mode=none total_db=48 returned=24 ids=156,155,154,153,152,151,150,149,148,147,146,143,139,136,134,133,132,130,129,128,127,124,123,122
2025-12-10 22:38:31 - Action: qp_media_list
2025-12-10 22:38:31 - REQUEST_VARS: {"action":"qp_media_list","p":"1","per_page":"24","file_mode":"images"}
2025-12-10 22:38:31 - qp_media_list DEBUG: file_mode=images total_db=0 returned=0 ids=
2025-12-10 22:38:31 - Action: qp_media_list
2025-12-10 22:38:31 - REQUEST_VARS: {"action":"qp_media_list","p":"1","per_page":"24","file_mode":"images"}
2025-12-10 22:38:31 - qp_media_list DEBUG: file_mode=images total_db=0 returned=0 ids=
2025-12-10 22:40:39 - Action: qp_media_filters
2025-12-10 22:40:39 - Action: qp_media_list
2025-12-10 22:40:39 - REQUEST_VARS: {"action":"qp_media_list","p":"1","per_page":"24"}
2025-12-10 22:40:39 - qp_media_list DEBUG: file_mode=none total_db=48 returned=24 ids=156,155,154,153,152,151,150,149,148,147,146,143,139,136,134,133,132,130,129,128,127,124,123,122
2025-12-10 22:40:40 - Action: qp_media_list
2025-12-10 22:40:40 - REQUEST_VARS: {"action":"qp_media_list","p":"2","per_page":"24"}
2025-12-10 22:40:40 - qp_media_list DEBUG: file_mode=none total_db=48 returned=24 ids=121,120,119,114,113,109,108,99,97,88,87,84,83,82,81,80,79,78,77,76,14,13,12,11
2025-12-10 22:40:41 - Action: qp_media_list
2025-12-10 22:40:41 - REQUEST_VARS: {"action":"qp_media_list","p":"1","per_page":"24","file_mode":"jpeg"}
2025-12-10 22:40:41 - qp_media_list DEBUG: file_mode=jpeg total_db=25 returned=24 ids=156,155,154,149,132,129,128,124,123,122,121,120,113,109,108,88,83,82,81,78,77,14,13,12
2025-12-10 22:40:41 - Action: qp_media_list
2025-12-10 22:40:41 - REQUEST_VARS: {"action":"qp_media_list","p":"1","per_page":"24","file_mode":"jpeg"}
2025-12-10 22:40:41 - qp_media_list DEBUG: file_mode=jpeg total_db=25 returned=24 ids=156,155,154,149,132,129,128,124,123,122,121,120,113,109,108,88,83,82,81,78,77,14,13,12
2025-12-10 22:40:43 - Action: qp_media_list
2025-12-10 22:40:43 - REQUEST_VARS: {"action":"qp_media_list","p":"1","per_page":"24","file_mode":"images"}
2025-12-10 22:40:43 - qp_media_list DEBUG: file_mode=images total_db=0 returned=0 ids=
2025-12-10 22:40:43 - Action: qp_media_list
2025-12-10 22:40:43 - REQUEST_VARS: {"action":"qp_media_list","p":"1","per_page":"24","file_mode":"images"}
2025-12-10 22:40:43 - qp_media_list DEBUG: file_mode=images total_db=0 returned=0 ids=
2025-12-10 22:41:02 - Action: qp_media_list
2025-12-10 22:41:02 - REQUEST_VARS: {"action":"qp_media_list","p":"1","per_page":"24","file_mode":"pdf"}
2025-12-10 22:41:02 - qp_media_list DEBUG: file_mode=pdf total_db=1 returned=1 ids=150
2025-12-10 22:41:04 - Action: qp_media_list
2025-12-10 22:41:04 - REQUEST_VARS: {"action":"qp_media_list","p":"1","per_page":"24","file_mode":"jpeg"}
2025-12-10 22:41:04 - qp_media_list DEBUG: file_mode=jpeg total_db=25 returned=24 ids=156,155,154,149,132,129,128,124,123,122,121,120,113,109,108,88,83,82,81,78,77,14,13,12
2025-12-10 22:41:06 - Action: qp_media_list
2025-12-10 22:41:06 - REQUEST_VARS: {"action":"qp_media_list","p":"1","per_page":"24","file_mode":"images"}
2025-12-10 22:41:06 - qp_media_list DEBUG: file_mode=images total_db=0 returned=0 ids=
2025-12-10 22:41:06 - Action: qp_media_list
2025-12-10 22:41:06 - REQUEST_VARS: {"action":"qp_media_list","p":"1","per_page":"24","file_mode":"images"}
2025-12-10 22:41:06 - qp_media_list DEBUG: file_mode=images total_db=0 returned=0 ids=
2025-12-10 22:44:28 - Action: qp_media_filters
2025-12-10 22:44:28 - Action: qp_media_list
2025-12-10 22:44:28 - REQUEST_VARS: {"action":"qp_media_list","p":"1","per_page":"24"}
2025-12-10 22:44:28 - qp_media_list DEBUG: file_mode=none total_db=48 returned=24 ids=156,155,154,153,152,151,150,149,148,147,146,143,139,136,134,133,132,130,129,128,127,124,123,122
2025-12-10 22:44:29 - Action: qp_media_list
2025-12-10 22:44:29 - REQUEST_VARS: {"action":"qp_media_list","p":"2","per_page":"24"}
2025-12-10 22:44:29 - qp_media_list DEBUG: file_mode=none total_db=48 returned=24 ids=121,120,119,114,113,109,108,99,97,88,87,84,83,82,81,80,79,78,77,76,14,13,12,11
2025-12-10 22:44:32 - Action: qp_media_list
2025-12-10 22:44:32 - REQUEST_VARS: {"action":"qp_media_list","p":"1","per_page":"24","file_mode":"webp"}
2025-12-10 22:44:32 - qp_media_list DEBUG: file_mode=webp total_db=4 returned=4 ids=143,139,133,87
2025-12-10 22:44:32 - Action: qp_media_list
2025-12-10 22:44:32 - REQUEST_VARS: {"action":"qp_media_list","p":"1","per_page":"24","file_mode":"webp"}
2025-12-10 22:44:32 - qp_media_list DEBUG: file_mode=webp total_db=4 returned=4 ids=143,139,133,87
2025-12-10 22:44:35 - Action: qp_media_list
2025-12-10 22:44:35 - REQUEST_VARS: {"action":"qp_media_list","p":"1","per_page":"24","file_mode":"images"}
2025-12-10 22:44:35 - qp_media_list DEBUG: file_mode=images total_db=0 returned=0 ids=
2025-12-10 22:44:35 - Action: qp_media_list
2025-12-10 22:44:35 - REQUEST_VARS: {"action":"qp_media_list","p":"1","per_page":"24","file_mode":"images"}
2025-12-10 22:44:35 - qp_media_list DEBUG: file_mode=images total_db=0 returned=0 ids=
2025-12-10 22:45:56 - Action: qp_media_list
2025-12-10 22:45:56 - REQUEST_VARS: {"action":"qp_media_list","p":"1","per_page":"24"}
2025-12-10 22:45:56 - qp_media_list DEBUG: file_mode=none total_db=48 returned=24 ids=156,155,154,153,152,151,150,149,148,147,146,143,139,136,134,133,132,130,129,128,127,124,123,122
2025-12-10 22:45:58 - Action: qp_media_list
2025-12-10 22:45:58 - REQUEST_VARS: {"action":"qp_media_list","p":"1","per_page":"24","file_mode":"images"}
2025-12-10 22:45:58 - qp_media_list DEBUG: file_mode=images total_db=0 returned=0 ids=
2025-12-10 22:45:58 - Action: qp_media_list
2025-12-10 22:45:58 - REQUEST_VARS: {"action":"qp_media_list","p":"1","per_page":"24","file_mode":"images"}
2025-12-10 22:45:58 - qp_media_list DEBUG: file_mode=images total_db=0 returned=0 ids=
2025-12-10 22:45:59 - Action: qp_media_list
2025-12-10 22:45:59 - REQUEST_VARS: {"action":"qp_media_list","p":"1","per_page":"24","file_mode":"images","uploaded_month":"2025-12"}
2025-12-10 22:45:59 - qp_media_list DEBUG: file_mode=images total_db=0 returned=0 ids=
2025-12-10 22:47:01 - Action: qp_media_list
2025-12-10 22:47:01 - REQUEST_VARS: {"action":"qp_media_list","p":"1","per_page":"24","file_mode":"jpeg","uploaded_month":"2025-12"}
2025-12-10 22:47:01 - qp_media_list DEBUG: file_mode=jpeg total_db=4 returned=4 ids=156,155,154,149
2025-12-10 22:47:05 - Action: qp_media_list
2025-12-10 22:47:05 - REQUEST_VARS: {"action":"qp_media_list","p":"1","per_page":"24","file_mode":"jpg","uploaded_month":"2025-12"}
2025-12-10 22:47:05 - qp_media_list DEBUG: file_mode=jpg total_db=3 returned=3 ids=155,154,149
2025-12-10 22:47:13 - Action: qp_media_list
2025-12-10 22:47:13 - REQUEST_VARS: {"action":"qp_media_list","p":"1","per_page":"24","file_mode":"jpg","uploaded_month":"2025-11"}
2025-12-10 22:47:13 - qp_media_list DEBUG: file_mode=jpg total_db=21 returned=21 ids=132,129,128,124,123,122,121,120,113,109,108,88,83,82,81,78,77,14,13,12,11
2025-12-10 22:48:17 - Action: qp_media_filters
2025-12-10 22:48:17 - Action: qp_media_list
2025-12-10 22:48:17 - REQUEST_VARS: {"action":"qp_media_list","p":"1","per_page":"24"}
2025-12-10 22:48:17 - qp_media_list DEBUG: file_mode=none total_db=48 returned=24 ids=156,155,154,153,152,151,150,149,148,147,146,143,139,136,134,133,132,130,129,128,127,124,123,122
2025-12-10 22:48:18 - Action: qp_media_list
2025-12-10 22:48:18 - REQUEST_VARS: {"action":"qp_media_list","p":"2","per_page":"24"}
2025-12-10 22:48:18 - qp_media_list DEBUG: file_mode=none total_db=48 returned=24 ids=121,120,119,114,113,109,108,99,97,88,87,84,83,82,81,80,79,78,77,76,14,13,12,11
2025-12-10 22:48:19 - Action: qp_media_list
2025-12-10 22:48:19 - REQUEST_VARS: {"action":"qp_media_list","p":"1","per_page":"24","file_mode":"images"}
2025-12-10 22:48:19 - qp_media_list META_SAMPLES: ["{\"file\":{\"path\":\"E:\\\\Wnmp\\\\nginx-bins\\\\default\\\\www\\\\advcms\\\\uploads\\\\2025\\\\11\\\\order_no_5228.jpg\",\"url\":\"https:\\\/\\\/aloelo.dev\\\/advcms\\\/uploads\\\/2025\\\/11\\\/order_no_5228.jpg\",\"filename\":\"order_no_5228.","{\"file\":{\"path\":\"E:\\\\Wnmp\\\\nginx-bins\\\\default\\\\www\\\\advcms\\\\uploads\\\\2025\\\\11\\\\order_no_5227.jpg\",\"url\":\"https:\\\/\\\/aloelo.dev\\\/advcms\\\/uploads\\\/2025\\\/11\\\/order_no_5227.jpg\",\"filename\":\"order_no_5227.","{\"file\":{\"path\":\"E:\\\\Wnmp\\\\nginx-bins\\\\default\\\\www\\\\advcms\\\\uploads\\\\2025\\\\11\\\\order_no_5223.jpg\",\"url\":\"https:\\\/\\\/aloelo.dev\\\/advcms\\\/uploads\\\/2025\\\/11\\\/order_no_5223.jpg\",\"filename\":\"order_no_5223.","{\"file\":{\"path\":\"E:\\\\Wnmp\\\\nginx-bins\\\\default\\\\www\\\\advcms\\\\uploads\\\\2025\\\\11\\\\order_no_5215.jpg\",\"url\":\"https:\\\/\\\/aloelo.dev\\\/advcms\\\/uploads\\\/2025\\\/11\\\/order_no_5215.jpg\",\"filename\":\"order_no_5215.","{\"file\":{\"path\":\"E:\\\\Wnmp\\\\nginx-bins\\\\default\\\\www\\\\advcms\\\\uploads\\\\2025\\\\11\\\\Gemini_Generated_Image_zf2o3czf2o3czf2o.png\",\"url\":\"https:\\\/\\\/aloelo.dev\\\/advcms\\\/uploads\\\/2025\\\/11\\\/Gemini_Generated_Im","{\"file\":{\"path\":\"E:\\\\Wnmp\\\\nginx-bins\\\\default\\\\www\\\\advcms\\\\uploads\\\\2025\\\\11\\\\toolxox-com-BgJPV.jpg\",\"url\":\"https:\\\/\\\/aloelo.dev\\\/advcms\\\/uploads\\\/2025\\\/11\\\/toolxox-com-BgJPV.jpg\",\"filename\":\"toolxo"]
2025-12-10 22:48:19 - qp_media_list DEBUG: file_mode=images total_db=0 returned=0 ids=
2025-12-10 22:48:19 - Action: qp_media_list
2025-12-10 22:48:19 - REQUEST_VARS: {"action":"qp_media_list","p":"1","per_page":"24","file_mode":"images"}
2025-12-10 22:48:19 - qp_media_list META_SAMPLES: ["{\"file\":{\"path\":\"E:\\\\Wnmp\\\\nginx-bins\\\\default\\\\www\\\\advcms\\\\uploads\\\\2025\\\\11\\\\order_no_5228.jpg\",\"url\":\"https:\\\/\\\/aloelo.dev\\\/advcms\\\/uploads\\\/2025\\\/11\\\/order_no_5228.jpg\",\"filename\":\"order_no_5228.","{\"file\":{\"path\":\"E:\\\\Wnmp\\\\nginx-bins\\\\default\\\\www\\\\advcms\\\\uploads\\\\2025\\\\11\\\\order_no_5227.jpg\",\"url\":\"https:\\\/\\\/aloelo.dev\\\/advcms\\\/uploads\\\/2025\\\/11\\\/order_no_5227.jpg\",\"filename\":\"order_no_5227.","{\"file\":{\"path\":\"E:\\\\Wnmp\\\\nginx-bins\\\\default\\\\www\\\\advcms\\\\uploads\\\\2025\\\\11\\\\order_no_5223.jpg\",\"url\":\"https:\\\/\\\/aloelo.dev\\\/advcms\\\/uploads\\\/2025\\\/11\\\/order_no_5223.jpg\",\"filename\":\"order_no_5223.","{\"file\":{\"path\":\"E:\\\\Wnmp\\\\nginx-bins\\\\default\\\\www\\\\advcms\\\\uploads\\\\2025\\\\11\\\\order_no_5215.jpg\",\"url\":\"https:\\\/\\\/aloelo.dev\\\/advcms\\\/uploads\\\/2025\\\/11\\\/order_no_5215.jpg\",\"filename\":\"order_no_5215.","{\"file\":{\"path\":\"E:\\\\Wnmp\\\\nginx-bins\\\\default\\\\www\\\\advcms\\\\uploads\\\\2025\\\\11\\\\Gemini_Generated_Image_zf2o3czf2o3czf2o.png\",\"url\":\"https:\\\/\\\/aloelo.dev\\\/advcms\\\/uploads\\\/2025\\\/11\\\/Gemini_Generated_Im","{\"file\":{\"path\":\"E:\\\\Wnmp\\\\nginx-bins\\\\default\\\\www\\\\advcms\\\\uploads\\\\2025\\\\11\\\\toolxox-com-BgJPV.jpg\",\"url\":\"https:\\\/\\\/aloelo.dev\\\/advcms\\\/uploads\\\/2025\\\/11\\\/toolxox-com-BgJPV.jpg\",\"filename\":\"toolxo"]
2025-12-10 22:48:19 - qp_media_list DEBUG: file_mode=images total_db=0 returned=0 ids=
2025-12-10 22:48:21 - Action: qp_media_list
2025-12-10 22:48:21 - REQUEST_VARS: {"action":"qp_media_list","p":"1","per_page":"24","file_mode":"jpeg"}
2025-12-10 22:48:21 - qp_media_list DEBUG: file_mode=jpeg total_db=25 returned=24 ids=156,155,154,149,132,129,128,124,123,122,121,120,113,109,108,88,83,82,81,78,77,14,13,12
2025-12-10 22:48:22 - Action: qp_media_list
2025-12-10 22:48:22 - REQUEST_VARS: {"action":"qp_media_list","p":"1","per_page":"24","file_mode":"images"}
2025-12-10 22:48:22 - qp_media_list META_SAMPLES: ["{\"file\":{\"path\":\"E:\\\\Wnmp\\\\nginx-bins\\\\default\\\\www\\\\advcms\\\\uploads\\\\2025\\\\11\\\\order_no_5228.jpg\",\"url\":\"https:\\\/\\\/aloelo.dev\\\/advcms\\\/uploads\\\/2025\\\/11\\\/order_no_5228.jpg\",\"filename\":\"order_no_5228.","{\"file\":{\"path\":\"E:\\\\Wnmp\\\\nginx-bins\\\\default\\\\www\\\\advcms\\\\uploads\\\\2025\\\\11\\\\order_no_5227.jpg\",\"url\":\"https:\\\/\\\/aloelo.dev\\\/advcms\\\/uploads\\\/2025\\\/11\\\/order_no_5227.jpg\",\"filename\":\"order_no_5227.","{\"file\":{\"path\":\"E:\\\\Wnmp\\\\nginx-bins\\\\default\\\\www\\\\advcms\\\\uploads\\\\2025\\\\11\\\\order_no_5223.jpg\",\"url\":\"https:\\\/\\\/aloelo.dev\\\/advcms\\\/uploads\\\/2025\\\/11\\\/order_no_5223.jpg\",\"filename\":\"order_no_5223.","{\"file\":{\"path\":\"E:\\\\Wnmp\\\\nginx-bins\\\\default\\\\www\\\\advcms\\\\uploads\\\\2025\\\\11\\\\order_no_5215.jpg\",\"url\":\"https:\\\/\\\/aloelo.dev\\\/advcms\\\/uploads\\\/2025\\\/11\\\/order_no_5215.jpg\",\"filename\":\"order_no_5215.","{\"file\":{\"path\":\"E:\\\\Wnmp\\\\nginx-bins\\\\default\\\\www\\\\advcms\\\\uploads\\\\2025\\\\11\\\\Gemini_Generated_Image_zf2o3czf2o3czf2o.png\",\"url\":\"https:\\\/\\\/aloelo.dev\\\/advcms\\\/uploads\\\/2025\\\/11\\\/Gemini_Generated_Im","{\"file\":{\"path\":\"E:\\\\Wnmp\\\\nginx-bins\\\\default\\\\www\\\\advcms\\\\uploads\\\\2025\\\\11\\\\toolxox-com-BgJPV.jpg\",\"url\":\"https:\\\/\\\/aloelo.dev\\\/advcms\\\/uploads\\\/2025\\\/11\\\/toolxox-com-BgJPV.jpg\",\"filename\":\"toolxo"]
2025-12-10 22:48:22 - qp_media_list DEBUG: file_mode=images total_db=0 returned=0 ids=
2025-12-10 22:48:22 - Action: qp_media_list
2025-12-10 22:48:22 - REQUEST_VARS: {"action":"qp_media_list","p":"1","per_page":"24","file_mode":"images"}
2025-12-10 22:48:22 - qp_media_list META_SAMPLES: ["{\"file\":{\"path\":\"E:\\\\Wnmp\\\\nginx-bins\\\\default\\\\www\\\\advcms\\\\uploads\\\\2025\\\\11\\\\order_no_5228.jpg\",\"url\":\"https:\\\/\\\/aloelo.dev\\\/advcms\\\/uploads\\\/2025\\\/11\\\/order_no_5228.jpg\",\"filename\":\"order_no_5228.","{\"file\":{\"path\":\"E:\\\\Wnmp\\\\nginx-bins\\\\default\\\\www\\\\advcms\\\\uploads\\\\2025\\\\11\\\\order_no_5227.jpg\",\"url\":\"https:\\\/\\\/aloelo.dev\\\/advcms\\\/uploads\\\/2025\\\/11\\\/order_no_5227.jpg\",\"filename\":\"order_no_5227.","{\"file\":{\"path\":\"E:\\\\Wnmp\\\\nginx-bins\\\\default\\\\www\\\\advcms\\\\uploads\\\\2025\\\\11\\\\order_no_5223.jpg\",\"url\":\"https:\\\/\\\/aloelo.dev\\\/advcms\\\/uploads\\\/2025\\\/11\\\/order_no_5223.jpg\",\"filename\":\"order_no_5223.","{\"file\":{\"path\":\"E:\\\\Wnmp\\\\nginx-bins\\\\default\\\\www\\\\advcms\\\\uploads\\\\2025\\\\11\\\\order_no_5215.jpg\",\"url\":\"https:\\\/\\\/aloelo.dev\\\/advcms\\\/uploads\\\/2025\\\/11\\\/order_no_5215.jpg\",\"filename\":\"order_no_5215.","{\"file\":{\"path\":\"E:\\\\Wnmp\\\\nginx-bins\\\\default\\\\www\\\\advcms\\\\uploads\\\\2025\\\\11\\\\Gemini_Generated_Image_zf2o3czf2o3czf2o.png\",\"url\":\"https:\\\/\\\/aloelo.dev\\\/advcms\\\/uploads\\\/2025\\\/11\\\/Gemini_Generated_Im","{\"file\":{\"path\":\"E:\\\\Wnmp\\\\nginx-bins\\\\default\\\\www\\\\advcms\\\\uploads\\\\2025\\\\11\\\\toolxox-com-BgJPV.jpg\",\"url\":\"https:\\\/\\\/aloelo.dev\\\/advcms\\\/uploads\\\/2025\\\/11\\\/toolxox-com-BgJPV.jpg\",\"filename\":\"toolxo"]
2025-12-10 22:48:22 - qp_media_list DEBUG: file_mode=images total_db=0 returned=0 ids=
2025-12-10 22:49:01 - Action: qp_media_list
2025-12-10 22:49:01 - REQUEST_VARS: {"action":"qp_media_list","p":"1","per_page":"24","file_mode":"images","uploaded_month":"2025-12"}
2025-12-10 22:49:01 - qp_media_list META_SAMPLES: ["{\"file\":{\"path\":\"E:\\\\Wnmp\\\\nginx-bins\\\\default\\\\www\\\\advcms\\\\uploads\\\\2025\\\\11\\\\order_no_5228.jpg\",\"url\":\"https:\\\/\\\/aloelo.dev\\\/advcms\\\/uploads\\\/2025\\\/11\\\/order_no_5228.jpg\",\"filename\":\"order_no_5228.","{\"file\":{\"path\":\"E:\\\\Wnmp\\\\nginx-bins\\\\default\\\\www\\\\advcms\\\\uploads\\\\2025\\\\11\\\\order_no_5227.jpg\",\"url\":\"https:\\\/\\\/aloelo.dev\\\/advcms\\\/uploads\\\/2025\\\/11\\\/order_no_5227.jpg\",\"filename\":\"order_no_5227.","{\"file\":{\"path\":\"E:\\\\Wnmp\\\\nginx-bins\\\\default\\\\www\\\\advcms\\\\uploads\\\\2025\\\\11\\\\order_no_5223.jpg\",\"url\":\"https:\\\/\\\/aloelo.dev\\\/advcms\\\/uploads\\\/2025\\\/11\\\/order_no_5223.jpg\",\"filename\":\"order_no_5223.","{\"file\":{\"path\":\"E:\\\\Wnmp\\\\nginx-bins\\\\default\\\\www\\\\advcms\\\\uploads\\\\2025\\\\11\\\\order_no_5215.jpg\",\"url\":\"https:\\\/\\\/aloelo.dev\\\/advcms\\\/uploads\\\/2025\\\/11\\\/order_no_5215.jpg\",\"filename\":\"order_no_5215.","{\"file\":{\"path\":\"E:\\\\Wnmp\\\\nginx-bins\\\\default\\\\www\\\\advcms\\\\uploads\\\\2025\\\\11\\\\Gemini_Generated_Image_zf2o3czf2o3czf2o.png\",\"url\":\"https:\\\/\\\/aloelo.dev\\\/advcms\\\/uploads\\\/2025\\\/11\\\/Gemini_Generated_Im","{\"file\":{\"path\":\"E:\\\\Wnmp\\\\nginx-bins\\\\default\\\\www\\\\advcms\\\\uploads\\\\2025\\\\11\\\\toolxox-com-BgJPV.jpg\",\"url\":\"https:\\\/\\\/aloelo.dev\\\/advcms\\\/uploads\\\/2025\\\/11\\\/toolxox-com-BgJPV.jpg\",\"filename\":\"toolxo"]
2025-12-10 22:49:01 - qp_media_list DEBUG: file_mode=images total_db=0 returned=0 ids=
2025-12-10 22:49:04 - Action: qp_media_list
2025-12-10 22:49:04 - REQUEST_VARS: {"action":"qp_media_list","p":"1","per_page":"24","file_mode":"images","uploaded_month":"2025-11"}
2025-12-10 22:49:04 - qp_media_list META_SAMPLES: ["{\"file\":{\"path\":\"E:\\\\Wnmp\\\\nginx-bins\\\\default\\\\www\\\\advcms\\\\uploads\\\\2025\\\\11\\\\order_no_5228.jpg\",\"url\":\"https:\\\/\\\/aloelo.dev\\\/advcms\\\/uploads\\\/2025\\\/11\\\/order_no_5228.jpg\",\"filename\":\"order_no_5228.","{\"file\":{\"path\":\"E:\\\\Wnmp\\\\nginx-bins\\\\default\\\\www\\\\advcms\\\\uploads\\\\2025\\\\11\\\\order_no_5227.jpg\",\"url\":\"https:\\\/\\\/aloelo.dev\\\/advcms\\\/uploads\\\/2025\\\/11\\\/order_no_5227.jpg\",\"filename\":\"order_no_5227.","{\"file\":{\"path\":\"E:\\\\Wnmp\\\\nginx-bins\\\\default\\\\www\\\\advcms\\\\uploads\\\\2025\\\\11\\\\order_no_5223.jpg\",\"url\":\"https:\\\/\\\/aloelo.dev\\\/advcms\\\/uploads\\\/2025\\\/11\\\/order_no_5223.jpg\",\"filename\":\"order_no_5223.","{\"file\":{\"path\":\"E:\\\\Wnmp\\\\nginx-bins\\\\default\\\\www\\\\advcms\\\\uploads\\\\2025\\\\11\\\\order_no_5215.jpg\",\"url\":\"https:\\\/\\\/aloelo.dev\\\/advcms\\\/uploads\\\/2025\\\/11\\\/order_no_5215.jpg\",\"filename\":\"order_no_5215.","{\"file\":{\"path\":\"E:\\\\Wnmp\\\\nginx-bins\\\\default\\\\www\\\\advcms\\\\uploads\\\\2025\\\\11\\\\Gemini_Generated_Image_zf2o3czf2o3czf2o.png\",\"url\":\"https:\\\/\\\/aloelo.dev\\\/advcms\\\/uploads\\\/2025\\\/11\\\/Gemini_Generated_Im","{\"file\":{\"path\":\"E:\\\\Wnmp\\\\nginx-bins\\\\default\\\\www\\\\advcms\\\\uploads\\\\2025\\\\11\\\\toolxox-com-BgJPV.jpg\",\"url\":\"https:\\\/\\\/aloelo.dev\\\/advcms\\\/uploads\\\/2025\\\/11\\\/toolxox-com-BgJPV.jpg\",\"filename\":\"toolxo"]
2025-12-10 22:49:04 - qp_media_list DEBUG: file_mode=images total_db=0 returned=0 ids=
2025-12-10 22:49:06 - Action: qp_media_list
2025-12-10 22:49:06 - REQUEST_VARS: {"action":"qp_media_list","p":"1","per_page":"24","file_mode":"images","uploaded_month":"2025-12"}
2025-12-10 22:49:06 - qp_media_list META_SAMPLES: ["{\"file\":{\"path\":\"E:\\\\Wnmp\\\\nginx-bins\\\\default\\\\www\\\\advcms\\\\uploads\\\\2025\\\\11\\\\order_no_5228.jpg\",\"url\":\"https:\\\/\\\/aloelo.dev\\\/advcms\\\/uploads\\\/2025\\\/11\\\/order_no_5228.jpg\",\"filename\":\"order_no_5228.","{\"file\":{\"path\":\"E:\\\\Wnmp\\\\nginx-bins\\\\default\\\\www\\\\advcms\\\\uploads\\\\2025\\\\11\\\\order_no_5227.jpg\",\"url\":\"https:\\\/\\\/aloelo.dev\\\/advcms\\\/uploads\\\/2025\\\/11\\\/order_no_5227.jpg\",\"filename\":\"order_no_5227.","{\"file\":{\"path\":\"E:\\\\Wnmp\\\\nginx-bins\\\\default\\\\www\\\\advcms\\\\uploads\\\\2025\\\\11\\\\order_no_5223.jpg\",\"url\":\"https:\\\/\\\/aloelo.dev\\\/advcms\\\/uploads\\\/2025\\\/11\\\/order_no_5223.jpg\",\"filename\":\"order_no_5223.","{\"file\":{\"path\":\"E:\\\\Wnmp\\\\nginx-bins\\\\default\\\\www\\\\advcms\\\\uploads\\\\2025\\\\11\\\\order_no_5215.jpg\",\"url\":\"https:\\\/\\\/aloelo.dev\\\/advcms\\\/uploads\\\/2025\\\/11\\\/order_no_5215.jpg\",\"filename\":\"order_no_5215.","{\"file\":{\"path\":\"E:\\\\Wnmp\\\\nginx-bins\\\\default\\\\www\\\\advcms\\\\uploads\\\\2025\\\\11\\\\Gemini_Generated_Image_zf2o3czf2o3czf2o.png\",\"url\":\"https:\\\/\\\/aloelo.dev\\\/advcms\\\/uploads\\\/2025\\\/11\\\/Gemini_Generated_Im","{\"file\":{\"path\":\"E:\\\\Wnmp\\\\nginx-bins\\\\default\\\\www\\\\advcms\\\\uploads\\\\2025\\\\11\\\\toolxox-com-BgJPV.jpg\",\"url\":\"https:\\\/\\\/aloelo.dev\\\/advcms\\\/uploads\\\/2025\\\/11\\\/toolxox-com-BgJPV.jpg\",\"filename\":\"toolxo"]
2025-12-10 22:49:06 - qp_media_list DEBUG: file_mode=images total_db=0 returned=0 ids=
2025-12-10 22:49:20 - Action: qp_media_list
2025-12-10 22:49:20 - REQUEST_VARS: {"action":"qp_media_list","p":"1","per_page":"24","file_mode":"images"}
2025-12-10 22:49:20 - qp_media_list META_SAMPLES: ["{\"file\":{\"path\":\"E:\\\\Wnmp\\\\nginx-bins\\\\default\\\\www\\\\advcms\\\\uploads\\\\2025\\\\11\\\\order_no_5228.jpg\",\"url\":\"https:\\\/\\\/aloelo.dev\\\/advcms\\\/uploads\\\/2025\\\/11\\\/order_no_5228.jpg\",\"filename\":\"order_no_5228.","{\"file\":{\"path\":\"E:\\\\Wnmp\\\\nginx-bins\\\\default\\\\www\\\\advcms\\\\uploads\\\\2025\\\\11\\\\order_no_5227.jpg\",\"url\":\"https:\\\/\\\/aloelo.dev\\\/advcms\\\/uploads\\\/2025\\\/11\\\/order_no_5227.jpg\",\"filename\":\"order_no_5227.","{\"file\":{\"path\":\"E:\\\\Wnmp\\\\nginx-bins\\\\default\\\\www\\\\advcms\\\\uploads\\\\2025\\\\11\\\\order_no_5223.jpg\",\"url\":\"https:\\\/\\\/aloelo.dev\\\/advcms\\\/uploads\\\/2025\\\/11\\\/order_no_5223.jpg\",\"filename\":\"order_no_5223.","{\"file\":{\"path\":\"E:\\\\Wnmp\\\\nginx-bins\\\\default\\\\www\\\\advcms\\\\uploads\\\\2025\\\\11\\\\order_no_5215.jpg\",\"url\":\"https:\\\/\\\/aloelo.dev\\\/advcms\\\/uploads\\\/2025\\\/11\\\/order_no_5215.jpg\",\"filename\":\"order_no_5215.","{\"file\":{\"path\":\"E:\\\\Wnmp\\\\nginx-bins\\\\default\\\\www\\\\advcms\\\\uploads\\\\2025\\\\11\\\\Gemini_Generated_Image_zf2o3czf2o3czf2o.png\",\"url\":\"https:\\\/\\\/aloelo.dev\\\/advcms\\\/uploads\\\/2025\\\/11\\\/Gemini_Generated_Im","{\"file\":{\"path\":\"E:\\\\Wnmp\\\\nginx-bins\\\\default\\\\www\\\\advcms\\\\uploads\\\\2025\\\\11\\\\toolxox-com-BgJPV.jpg\",\"url\":\"https:\\\/\\\/aloelo.dev\\\/advcms\\\/uploads\\\/2025\\\/11\\\/toolxox-com-BgJPV.jpg\",\"filename\":\"toolxo"]
2025-12-10 22:49:20 - qp_media_list DEBUG: file_mode=images total_db=0 returned=0 ids=
2025-12-10 22:49:25 - Action: qp_media_list
2025-12-10 22:49:25 - REQUEST_VARS: {"action":"qp_media_list","p":"1","per_page":"24","file_mode":"images","uploaded_month":"2025-11"}
2025-12-10 22:49:25 - qp_media_list META_SAMPLES: ["{\"file\":{\"path\":\"E:\\\\Wnmp\\\\nginx-bins\\\\default\\\\www\\\\advcms\\\\uploads\\\\2025\\\\11\\\\order_no_5228.jpg\",\"url\":\"https:\\\/\\\/aloelo.dev\\\/advcms\\\/uploads\\\/2025\\\/11\\\/order_no_5228.jpg\",\"filename\":\"order_no_5228.","{\"file\":{\"path\":\"E:\\\\Wnmp\\\\nginx-bins\\\\default\\\\www\\\\advcms\\\\uploads\\\\2025\\\\11\\\\order_no_5227.jpg\",\"url\":\"https:\\\/\\\/aloelo.dev\\\/advcms\\\/uploads\\\/2025\\\/11\\\/order_no_5227.jpg\",\"filename\":\"order_no_5227.","{\"file\":{\"path\":\"E:\\\\Wnmp\\\\nginx-bins\\\\default\\\\www\\\\advcms\\\\uploads\\\\2025\\\\11\\\\order_no_5223.jpg\",\"url\":\"https:\\\/\\\/aloelo.dev\\\/advcms\\\/uploads\\\/2025\\\/11\\\/order_no_5223.jpg\",\"filename\":\"order_no_5223.","{\"file\":{\"path\":\"E:\\\\Wnmp\\\\nginx-bins\\\\default\\\\www\\\\advcms\\\\uploads\\\\2025\\\\11\\\\order_no_5215.jpg\",\"url\":\"https:\\\/\\\/aloelo.dev\\\/advcms\\\/uploads\\\/2025\\\/11\\\/order_no_5215.jpg\",\"filename\":\"order_no_5215.","{\"file\":{\"path\":\"E:\\\\Wnmp\\\\nginx-bins\\\\default\\\\www\\\\advcms\\\\uploads\\\\2025\\\\11\\\\Gemini_Generated_Image_zf2o3czf2o3czf2o.png\",\"url\":\"https:\\\/\\\/aloelo.dev\\\/advcms\\\/uploads\\\/2025\\\/11\\\/Gemini_Generated_Im","{\"file\":{\"path\":\"E:\\\\Wnmp\\\\nginx-bins\\\\default\\\\www\\\\advcms\\\\uploads\\\\2025\\\\11\\\\toolxox-com-BgJPV.jpg\",\"url\":\"https:\\\/\\\/aloelo.dev\\\/advcms\\\/uploads\\\/2025\\\/11\\\/toolxox-com-BgJPV.jpg\",\"filename\":\"toolxo"]
2025-12-10 22:49:25 - qp_media_list DEBUG: file_mode=images total_db=0 returned=0 ids=
2025-12-10 22:49:30 - Action: qp_media_list
2025-12-10 22:49:30 - REQUEST_VARS: {"action":"qp_media_list","p":"1","per_page":"24","uploaded_month":"2025-11"}
2025-12-10 22:49:30 - qp_media_list DEBUG: file_mode=none total_db=37 returned=24 ids=143,139,136,134,133,132,130,129,128,127,124,123,122,121,120,119,114,113,109,108,99,97,88,87
2025-12-10 22:49:33 - Action: qp_media_list
2025-12-10 22:49:33 - REQUEST_VARS: {"action":"qp_media_list","p":"1","per_page":"24","file_mode":"images","uploaded_month":"2025-11"}
2025-12-10 22:49:33 - qp_media_list META_SAMPLES: ["{\"file\":{\"path\":\"E:\\\\Wnmp\\\\nginx-bins\\\\default\\\\www\\\\advcms\\\\uploads\\\\2025\\\\11\\\\order_no_5228.jpg\",\"url\":\"https:\\\/\\\/aloelo.dev\\\/advcms\\\/uploads\\\/2025\\\/11\\\/order_no_5228.jpg\",\"filename\":\"order_no_5228.","{\"file\":{\"path\":\"E:\\\\Wnmp\\\\nginx-bins\\\\default\\\\www\\\\advcms\\\\uploads\\\\2025\\\\11\\\\order_no_5227.jpg\",\"url\":\"https:\\\/\\\/aloelo.dev\\\/advcms\\\/uploads\\\/2025\\\/11\\\/order_no_5227.jpg\",\"filename\":\"order_no_5227.","{\"file\":{\"path\":\"E:\\\\Wnmp\\\\nginx-bins\\\\default\\\\www\\\\advcms\\\\uploads\\\\2025\\\\11\\\\order_no_5223.jpg\",\"url\":\"https:\\\/\\\/aloelo.dev\\\/advcms\\\/uploads\\\/2025\\\/11\\\/order_no_5223.jpg\",\"filename\":\"order_no_5223.","{\"file\":{\"path\":\"E:\\\\Wnmp\\\\nginx-bins\\\\default\\\\www\\\\advcms\\\\uploads\\\\2025\\\\11\\\\order_no_5215.jpg\",\"url\":\"https:\\\/\\\/aloelo.dev\\\/advcms\\\/uploads\\\/2025\\\/11\\\/order_no_5215.jpg\",\"filename\":\"order_no_5215.","{\"file\":{\"path\":\"E:\\\\Wnmp\\\\nginx-bins\\\\default\\\\www\\\\advcms\\\\uploads\\\\2025\\\\11\\\\Gemini_Generated_Image_zf2o3czf2o3czf2o.png\",\"url\":\"https:\\\/\\\/aloelo.dev\\\/advcms\\\/uploads\\\/2025\\\/11\\\/Gemini_Generated_Im","{\"file\":{\"path\":\"E:\\\\Wnmp\\\\nginx-bins\\\\default\\\\www\\\\advcms\\\\uploads\\\\2025\\\\11\\\\toolxox-com-BgJPV.jpg\",\"url\":\"https:\\\/\\\/aloelo.dev\\\/advcms\\\/uploads\\\/2025\\\/11\\\/toolxox-com-BgJPV.jpg\",\"filename\":\"toolxo"]
2025-12-10 22:49:33 - qp_media_list DEBUG: file_mode=images total_db=0 returned=0 ids=
2025-12-10 22:49:33 - Action: qp_media_list
2025-12-10 22:49:33 - REQUEST_VARS: {"action":"qp_media_list","p":"1","per_page":"24","file_mode":"images","uploaded_month":"2025-11"}
2025-12-10 22:49:33 - qp_media_list META_SAMPLES: ["{\"file\":{\"path\":\"E:\\\\Wnmp\\\\nginx-bins\\\\default\\\\www\\\\advcms\\\\uploads\\\\2025\\\\11\\\\order_no_5228.jpg\",\"url\":\"https:\\\/\\\/aloelo.dev\\\/advcms\\\/uploads\\\/2025\\\/11\\\/order_no_5228.jpg\",\"filename\":\"order_no_5228.","{\"file\":{\"path\":\"E:\\\\Wnmp\\\\nginx-bins\\\\default\\\\www\\\\advcms\\\\uploads\\\\2025\\\\11\\\\order_no_5227.jpg\",\"url\":\"https:\\\/\\\/aloelo.dev\\\/advcms\\\/uploads\\\/2025\\\/11\\\/order_no_5227.jpg\",\"filename\":\"order_no_5227.","{\"file\":{\"path\":\"E:\\\\Wnmp\\\\nginx-bins\\\\default\\\\www\\\\advcms\\\\uploads\\\\2025\\\\11\\\\order_no_5223.jpg\",\"url\":\"https:\\\/\\\/aloelo.dev\\\/advcms\\\/uploads\\\/2025\\\/11\\\/order_no_5223.jpg\",\"filename\":\"order_no_5223.","{\"file\":{\"path\":\"E:\\\\Wnmp\\\\nginx-bins\\\\default\\\\www\\\\advcms\\\\uploads\\\\2025\\\\11\\\\order_no_5215.jpg\",\"url\":\"https:\\\/\\\/aloelo.dev\\\/advcms\\\/uploads\\\/2025\\\/11\\\/order_no_5215.jpg\",\"filename\":\"order_no_5215.","{\"file\":{\"path\":\"E:\\\\Wnmp\\\\nginx-bins\\\\default\\\\www\\\\advcms\\\\uploads\\\\2025\\\\11\\\\Gemini_Generated_Image_zf2o3czf2o3czf2o.png\",\"url\":\"https:\\\/\\\/aloelo.dev\\\/advcms\\\/uploads\\\/2025\\\/11\\\/Gemini_Generated_Im","{\"file\":{\"path\":\"E:\\\\Wnmp\\\\nginx-bins\\\\default\\\\www\\\\advcms\\\\uploads\\\\2025\\\\11\\\\toolxox-com-BgJPV.jpg\",\"url\":\"https:\\\/\\\/aloelo.dev\\\/advcms\\\/uploads\\\/2025\\\/11\\\/toolxox-com-BgJPV.jpg\",\"filename\":\"toolxo"]
2025-12-10 22:49:33 - qp_media_list DEBUG: file_mode=images total_db=0 returned=0 ids=
2025-12-10 22:49:38 - Action: qp_media_list
2025-12-10 22:49:38 - REQUEST_VARS: {"action":"qp_media_list","p":"1","per_page":"24","uploaded_month":"2025-11"}
2025-12-10 22:49:38 - qp_media_list DEBUG: file_mode=none total_db=37 returned=24 ids=143,139,136,134,133,132,130,129,128,127,124,123,122,121,120,119,114,113,109,108,99,97,88,87
2025-12-10 22:49:42 - Action: qp_media_list
2025-12-10 22:49:42 - REQUEST_VARS: {"action":"qp_media_list","p":"1","per_page":"24","uploaded_month":"2025-12"}
2025-12-10 22:49:42 - qp_media_list DEBUG: file_mode=none total_db=11 returned=11 ids=156,155,154,153,152,151,150,149,148,147,146
2025-12-10 22:49:42 - Action: qp_media_list
2025-12-10 22:49:42 - REQUEST_VARS: {"action":"qp_media_list","p":"1","per_page":"24","uploaded_month":"2025-12"}
2025-12-10 22:49:42 - qp_media_list DEBUG: file_mode=none total_db=11 returned=11 ids=156,155,154,153,152,151,150,149,148,147,146
2025-12-10 22:49:47 - Action: qp_media_list
2025-12-10 22:49:47 - REQUEST_VARS: {"action":"qp_media_list","p":"1","per_page":"24"}
2025-12-10 22:49:47 - qp_media_list DEBUG: file_mode=none total_db=48 returned=24 ids=156,155,154,153,152,151,150,149,148,147,146,143,139,136,134,133,132,130,129,128,127,124,123,122
2025-12-10 22:49:51 - Action: qp_media_list
2025-12-10 22:49:51 - REQUEST_VARS: {"action":"qp_media_list","p":"1","per_page":"24","uploaded_month":"2025-11"}
2025-12-10 22:49:51 - qp_media_list DEBUG: file_mode=none total_db=37 returned=24 ids=143,139,136,134,133,132,130,129,128,127,124,123,122,121,120,119,114,113,109,108,99,97,88,87
2025-12-10 22:49:51 - Action: qp_media_list
2025-12-10 22:49:51 - REQUEST_VARS: {"action":"qp_media_list","p":"1","per_page":"24","uploaded_month":"2025-11"}
2025-12-10 22:49:51 - qp_media_list DEBUG: file_mode=none total_db=37 returned=24 ids=143,139,136,134,133,132,130,129,128,127,124,123,122,121,120,119,114,113,109,108,99,97,88,87
2025-12-10 22:49:55 - Action: qp_media_list
2025-12-10 22:49:55 - REQUEST_VARS: {"action":"qp_media_list","p":"1","per_page":"24","uploaded_month":"2025-12"}
2025-12-10 22:49:55 - qp_media_list DEBUG: file_mode=none total_db=11 returned=11 ids=156,155,154,153,152,151,150,149,148,147,146
2025-12-10 22:49:55 - Action: qp_media_list
2025-12-10 22:49:55 - REQUEST_VARS: {"action":"qp_media_list","p":"1","per_page":"24","uploaded_month":"2025-12"}
2025-12-10 22:49:55 - qp_media_list DEBUG: file_mode=none total_db=11 returned=11 ids=156,155,154,153,152,151,150,149,148,147,146
2025-12-10 22:49:59 - Action: qp_media_list
2025-12-10 22:49:59 - REQUEST_VARS: {"action":"qp_media_list","p":"1","per_page":"24","uploaded_month":"2025-11"}
2025-12-10 22:49:59 - qp_media_list DEBUG: file_mode=none total_db=37 returned=24 ids=143,139,136,134,133,132,130,129,128,127,124,123,122,121,120,119,114,113,109,108,99,97,88,87
2025-12-10 22:50:03 - Action: qp_media_list
2025-12-10 22:50:03 - REQUEST_VARS: {"action":"qp_media_list","p":"1","per_page":"24","uploaded_month":"2025-12"}
2025-12-10 22:50:03 - qp_media_list DEBUG: file_mode=none total_db=11 returned=11 ids=156,155,154,153,152,151,150,149,148,147,146
2025-12-10 22:50:03 - Action: qp_media_list
2025-12-10 22:50:03 - REQUEST_VARS: {"action":"qp_media_list","p":"1","per_page":"24","uploaded_month":"2025-12"}
2025-12-10 22:50:03 - qp_media_list DEBUG: file_mode=none total_db=11 returned=11 ids=156,155,154,153,152,151,150,149,148,147,146
2025-12-10 22:50:08 - Action: qp_media_list
2025-12-10 22:50:08 - REQUEST_VARS: {"action":"qp_media_list","p":"1","per_page":"24"}
2025-12-10 22:50:08 - qp_media_list DEBUG: file_mode=none total_db=48 returned=24 ids=156,155,154,153,152,151,150,149,148,147,146,143,139,136,134,133,132,130,129,128,127,124,123,122
2025-12-10 22:50:10 - Action: qp_media_list
2025-12-10 22:50:10 - REQUEST_VARS: {"action":"qp_media_list","p":"1","per_page":"24","uploaded_month":"2025-12"}
2025-12-10 22:50:10 - qp_media_list DEBUG: file_mode=none total_db=11 returned=11 ids=156,155,154,153,152,151,150,149,148,147,146
2025-12-10 22:50:10 - Action: qp_media_list
2025-12-10 22:50:10 - REQUEST_VARS: {"action":"qp_media_list","p":"1","per_page":"24","uploaded_month":"2025-12"}
2025-12-10 22:50:11 - qp_media_list DEBUG: file_mode=none total_db=11 returned=11 ids=156,155,154,153,152,151,150,149,148,147,146
2025-12-10 22:52:49 - Action: qp_media_filters
2025-12-10 22:52:49 - Action: qp_media_list
2025-12-10 22:52:49 - REQUEST_VARS: {"action":"qp_media_list","p":"1","per_page":"24"}
2025-12-10 22:52:49 - qp_media_list DEBUG: file_mode=none total_db=48 returned=24 ids=156,155,154,153,152,151,150,149,148,147,146,143,139,136,134,133,132,130,129,128,127,124,123,122
2025-12-10 22:52:50 - Action: qp_media_list
2025-12-10 22:52:50 - REQUEST_VARS: {"action":"qp_media_list","p":"2","per_page":"24"}
2025-12-10 22:52:50 - qp_media_list DEBUG: file_mode=none total_db=48 returned=24 ids=121,120,119,114,113,109,108,99,97,88,87,84,83,82,81,80,79,78,77,76,14,13,12,11
2025-12-10 22:52:51 - Action: qp_media_list
2025-12-10 22:52:51 - REQUEST_VARS: {"action":"qp_media_list","p":"1","per_page":"24","file_mode":"jpeg"}
2025-12-10 22:52:51 - qp_media_list DEBUG: file_mode=jpeg total_db=25 returned=24 ids=156,155,154,149,132,129,128,124,123,122,121,120,113,109,108,88,83,82,81,78,77,14,13,12
2025-12-10 22:52:51 - Action: qp_media_list
2025-12-10 22:52:51 - REQUEST_VARS: {"action":"qp_media_list","p":"1","per_page":"24","file_mode":"jpeg"}
2025-12-10 22:52:51 - qp_media_list DEBUG: file_mode=jpeg total_db=25 returned=24 ids=156,155,154,149,132,129,128,124,123,122,121,120,113,109,108,88,83,82,81,78,77,14,13,12
2025-12-10 22:52:53 - Action: qp_media_list
2025-12-10 22:52:53 - REQUEST_VARS: {"action":"qp_media_list","p":"1","per_page":"24","file_mode":"images"}
2025-12-10 22:52:53 - qp_media_list META_SAMPLES: ["{\"file\":{\"path\":\"E:\\\\Wnmp\\\\nginx-bins\\\\default\\\\www\\\\advcms\\\\uploads\\\\2025\\\\11\\\\order_no_5228.jpg\",\"url\":\"https:\\\/\\\/aloelo.dev\\\/advcms\\\/uploads\\\/2025\\\/11\\\/order_no_5228.jpg\",\"filename\":\"order_no_5228.jpg\",\"mime\":\"image\\\/jpeg\",\"ext\":\"jpg\",\"size\":590515},\"sizes\":{\"thumbnail\":{\"path\":\"E:\\\\Wnmp\\\\nginx-bins\\\\default\\\\www\\\\advcms\\\\uploads\\\\2025\\\\11\\\\order_no_5228-150x150.jpg\",\"url\":\"https:\\\/\\\/aloelo.dev","{\"file\":{\"path\":\"E:\\\\Wnmp\\\\nginx-bins\\\\default\\\\www\\\\advcms\\\\uploads\\\\2025\\\\11\\\\order_no_5227.jpg\",\"url\":\"https:\\\/\\\/aloelo.dev\\\/advcms\\\/uploads\\\/2025\\\/11\\\/order_no_5227.jpg\",\"filename\":\"order_no_5227.jpg\",\"mime\":\"image\\\/jpeg\",\"ext\":\"jpg\",\"size\":629142},\"sizes\":{\"thumbnail\":{\"path\":\"E:\\\\Wnmp\\\\nginx-bins\\\\default\\\\www\\\\advcms\\\\uploads\\\\2025\\\\11\\\\order_no_5227-150x150.jpg\",\"url\":\"https:\\\/\\\/aloelo.dev","{\"file\":{\"path\":\"E:\\\\Wnmp\\\\nginx-bins\\\\default\\\\www\\\\advcms\\\\uploads\\\\2025\\\\11\\\\order_no_5223.jpg\",\"url\":\"https:\\\/\\\/aloelo.dev\\\/advcms\\\/uploads\\\/2025\\\/11\\\/order_no_5223.jpg\",\"filename\":\"order_no_5223.jpg\",\"mime\":\"image\\\/jpeg\",\"ext\":\"jpg\",\"size\":677482},\"sizes\":{\"thumbnail\":{\"path\":\"E:\\\\Wnmp\\\\nginx-bins\\\\default\\\\www\\\\advcms\\\\uploads\\\\2025\\\\11\\\\order_no_5223-150x150.jpg\",\"url\":\"https:\\\/\\\/aloelo.dev","{\"file\":{\"path\":\"E:\\\\Wnmp\\\\nginx-bins\\\\default\\\\www\\\\advcms\\\\uploads\\\\2025\\\\11\\\\order_no_5215.jpg\",\"url\":\"https:\\\/\\\/aloelo.dev\\\/advcms\\\/uploads\\\/2025\\\/11\\\/order_no_5215.jpg\",\"filename\":\"order_no_5215.jpg\",\"mime\":\"image\\\/jpeg\",\"ext\":\"jpg\",\"size\":723898},\"sizes\":{\"thumbnail\":{\"path\":\"E:\\\\Wnmp\\\\nginx-bins\\\\default\\\\www\\\\advcms\\\\uploads\\\\2025\\\\11\\\\order_no_5215-150x150.jpg\",\"url\":\"https:\\\/\\\/aloelo.dev","{\"file\":{\"path\":\"E:\\\\Wnmp\\\\nginx-bins\\\\default\\\\www\\\\advcms\\\\uploads\\\\2025\\\\11\\\\Gemini_Generated_Image_zf2o3czf2o3czf2o.png\",\"url\":\"https:\\\/\\\/aloelo.dev\\\/advcms\\\/uploads\\\/2025\\\/11\\\/Gemini_Generated_Image_zf2o3czf2o3czf2o.png\",\"filename\":\"Gemini_Generated_Image_zf2o3czf2o3czf2o.png\",\"mime\":\"image\\\/png\",\"ext\":\"png\",\"size\":1358145},\"sizes\":{\"thumbnail\":{\"path\":\"E:\\\\Wnmp\\\\nginx-bins\\\\default\\\\www\\\\adv","{\"file\":{\"path\":\"E:\\\\Wnmp\\\\nginx-bins\\\\default\\\\www\\\\advcms\\\\uploads\\\\2025\\\\11\\\\toolxox-com-BgJPV.jpg\",\"url\":\"https:\\\/\\\/aloelo.dev\\\/advcms\\\/uploads\\\/2025\\\/11\\\/toolxox-com-BgJPV.jpg\",\"filename\":\"toolxox-com-BgJPV.jpg\",\"mime\":\"image\\\/jpeg\",\"ext\":\"jpg\",\"size\":94704},\"sizes\":{\"thumbnail\":{\"path\":\"E:\\\\Wnmp\\\\nginx-bins\\\\default\\\\www\\\\advcms\\\\uploads\\\\2025\\\\11\\\\toolxox-com-BgJPV-150x150.jpg\",\"url\":\"https"]
2025-12-10 22:52:53 - qp_media_list DEBUG: file_mode=images total_db=47 returned=24 ids=156,155,154,153,152,151,149,148,147,146,143,139,136,134,133,132,130,129,128,127,124,123,122,121
2025-12-10 22:52:53 - Action: qp_media_list
2025-12-10 22:52:53 - REQUEST_VARS: {"action":"qp_media_list","p":"1","per_page":"24","file_mode":"images"}
2025-12-10 22:52:53 - qp_media_list META_SAMPLES: ["{\"file\":{\"path\":\"E:\\\\Wnmp\\\\nginx-bins\\\\default\\\\www\\\\advcms\\\\uploads\\\\2025\\\\11\\\\order_no_5228.jpg\",\"url\":\"https:\\\/\\\/aloelo.dev\\\/advcms\\\/uploads\\\/2025\\\/11\\\/order_no_5228.jpg\",\"filename\":\"order_no_5228.jpg\",\"mime\":\"image\\\/jpeg\",\"ext\":\"jpg\",\"size\":590515},\"sizes\":{\"thumbnail\":{\"path\":\"E:\\\\Wnmp\\\\nginx-bins\\\\default\\\\www\\\\advcms\\\\uploads\\\\2025\\\\11\\\\order_no_5228-150x150.jpg\",\"url\":\"https:\\\/\\\/aloelo.dev","{\"file\":{\"path\":\"E:\\\\Wnmp\\\\nginx-bins\\\\default\\\\www\\\\advcms\\\\uploads\\\\2025\\\\11\\\\order_no_5227.jpg\",\"url\":\"https:\\\/\\\/aloelo.dev\\\/advcms\\\/uploads\\\/2025\\\/11\\\/order_no_5227.jpg\",\"filename\":\"order_no_5227.jpg\",\"mime\":\"image\\\/jpeg\",\"ext\":\"jpg\",\"size\":629142},\"sizes\":{\"thumbnail\":{\"path\":\"E:\\\\Wnmp\\\\nginx-bins\\\\default\\\\www\\\\advcms\\\\uploads\\\\2025\\\\11\\\\order_no_5227-150x150.jpg\",\"url\":\"https:\\\/\\\/aloelo.dev","{\"file\":{\"path\":\"E:\\\\Wnmp\\\\nginx-bins\\\\default\\\\www\\\\advcms\\\\uploads\\\\2025\\\\11\\\\order_no_5223.jpg\",\"url\":\"https:\\\/\\\/aloelo.dev\\\/advcms\\\/uploads\\\/2025\\\/11\\\/order_no_5223.jpg\",\"filename\":\"order_no_5223.jpg\",\"mime\":\"image\\\/jpeg\",\"ext\":\"jpg\",\"size\":677482},\"sizes\":{\"thumbnail\":{\"path\":\"E:\\\\Wnmp\\\\nginx-bins\\\\default\\\\www\\\\advcms\\\\uploads\\\\2025\\\\11\\\\order_no_5223-150x150.jpg\",\"url\":\"https:\\\/\\\/aloelo.dev","{\"file\":{\"path\":\"E:\\\\Wnmp\\\\nginx-bins\\\\default\\\\www\\\\advcms\\\\uploads\\\\2025\\\\11\\\\order_no_5215.jpg\",\"url\":\"https:\\\/\\\/aloelo.dev\\\/advcms\\\/uploads\\\/2025\\\/11\\\/order_no_5215.jpg\",\"filename\":\"order_no_5215.jpg\",\"mime\":\"image\\\/jpeg\",\"ext\":\"jpg\",\"size\":723898},\"sizes\":{\"thumbnail\":{\"path\":\"E:\\\\Wnmp\\\\nginx-bins\\\\default\\\\www\\\\advcms\\\\uploads\\\\2025\\\\11\\\\order_no_5215-150x150.jpg\",\"url\":\"https:\\\/\\\/aloelo.dev","{\"file\":{\"path\":\"E:\\\\Wnmp\\\\nginx-bins\\\\default\\\\www\\\\advcms\\\\uploads\\\\2025\\\\11\\\\Gemini_Generated_Image_zf2o3czf2o3czf2o.png\",\"url\":\"https:\\\/\\\/aloelo.dev\\\/advcms\\\/uploads\\\/2025\\\/11\\\/Gemini_Generated_Image_zf2o3czf2o3czf2o.png\",\"filename\":\"Gemini_Generated_Image_zf2o3czf2o3czf2o.png\",\"mime\":\"image\\\/png\",\"ext\":\"png\",\"size\":1358145},\"sizes\":{\"thumbnail\":{\"path\":\"E:\\\\Wnmp\\\\nginx-bins\\\\default\\\\www\\\\adv","{\"file\":{\"path\":\"E:\\\\Wnmp\\\\nginx-bins\\\\default\\\\www\\\\advcms\\\\uploads\\\\2025\\\\11\\\\toolxox-com-BgJPV.jpg\",\"url\":\"https:\\\/\\\/aloelo.dev\\\/advcms\\\/uploads\\\/2025\\\/11\\\/toolxox-com-BgJPV.jpg\",\"filename\":\"toolxox-com-BgJPV.jpg\",\"mime\":\"image\\\/jpeg\",\"ext\":\"jpg\",\"size\":94704},\"sizes\":{\"thumbnail\":{\"path\":\"E:\\\\Wnmp\\\\nginx-bins\\\\default\\\\www\\\\advcms\\\\uploads\\\\2025\\\\11\\\\toolxox-com-BgJPV-150x150.jpg\",\"url\":\"https"]
2025-12-10 22:52:53 - qp_media_list DEBUG: file_mode=images total_db=47 returned=24 ids=156,155,154,153,152,151,149,148,147,146,143,139,136,134,133,132,130,129,128,127,124,123,122,121
2025-12-10 22:52:54 - Action: qp_media_list
2025-12-10 22:52:54 - REQUEST_VARS: {"action":"qp_media_list","p":"3","per_page":"24","file_mode":"images"}
2025-12-10 22:52:54 - qp_media_list META_SAMPLES: ["{\"file\":{\"path\":\"E:\\\\Wnmp\\\\nginx-bins\\\\default\\\\www\\\\advcms\\\\uploads\\\\2025\\\\11\\\\order_no_5228.jpg\",\"url\":\"https:\\\/\\\/aloelo.dev\\\/advcms\\\/uploads\\\/2025\\\/11\\\/order_no_5228.jpg\",\"filename\":\"order_no_5228.jpg\",\"mime\":\"image\\\/jpeg\",\"ext\":\"jpg\",\"size\":590515},\"sizes\":{\"thumbnail\":{\"path\":\"E:\\\\Wnmp\\\\nginx-bins\\\\default\\\\www\\\\advcms\\\\uploads\\\\2025\\\\11\\\\order_no_5228-150x150.jpg\",\"url\":\"https:\\\/\\\/aloelo.dev","{\"file\":{\"path\":\"E:\\\\Wnmp\\\\nginx-bins\\\\default\\\\www\\\\advcms\\\\uploads\\\\2025\\\\11\\\\order_no_5227.jpg\",\"url\":\"https:\\\/\\\/aloelo.dev\\\/advcms\\\/uploads\\\/2025\\\/11\\\/order_no_5227.jpg\",\"filename\":\"order_no_5227.jpg\",\"mime\":\"image\\\/jpeg\",\"ext\":\"jpg\",\"size\":629142},\"sizes\":{\"thumbnail\":{\"path\":\"E:\\\\Wnmp\\\\nginx-bins\\\\default\\\\www\\\\advcms\\\\uploads\\\\2025\\\\11\\\\order_no_5227-150x150.jpg\",\"url\":\"https:\\\/\\\/aloelo.dev","{\"file\":{\"path\":\"E:\\\\Wnmp\\\\nginx-bins\\\\default\\\\www\\\\advcms\\\\uploads\\\\2025\\\\11\\\\order_no_5223.jpg\",\"url\":\"https:\\\/\\\/aloelo.dev\\\/advcms\\\/uploads\\\/2025\\\/11\\\/order_no_5223.jpg\",\"filename\":\"order_no_5223.jpg\",\"mime\":\"image\\\/jpeg\",\"ext\":\"jpg\",\"size\":677482},\"sizes\":{\"thumbnail\":{\"path\":\"E:\\\\Wnmp\\\\nginx-bins\\\\default\\\\www\\\\advcms\\\\uploads\\\\2025\\\\11\\\\order_no_5223-150x150.jpg\",\"url\":\"https:\\\/\\\/aloelo.dev","{\"file\":{\"path\":\"E:\\\\Wnmp\\\\nginx-bins\\\\default\\\\www\\\\advcms\\\\uploads\\\\2025\\\\11\\\\order_no_5215.jpg\",\"url\":\"https:\\\/\\\/aloelo.dev\\\/advcms\\\/uploads\\\/2025\\\/11\\\/order_no_5215.jpg\",\"filename\":\"order_no_5215.jpg\",\"mime\":\"image\\\/jpeg\",\"ext\":\"jpg\",\"size\":723898},\"sizes\":{\"thumbnail\":{\"path\":\"E:\\\\Wnmp\\\\nginx-bins\\\\default\\\\www\\\\advcms\\\\uploads\\\\2025\\\\11\\\\order_no_5215-150x150.jpg\",\"url\":\"https:\\\/\\\/aloelo.dev","{\"file\":{\"path\":\"E:\\\\Wnmp\\\\nginx-bins\\\\default\\\\www\\\\advcms\\\\uploads\\\\2025\\\\11\\\\Gemini_Generated_Image_zf2o3czf2o3czf2o.png\",\"url\":\"https:\\\/\\\/aloelo.dev\\\/advcms\\\/uploads\\\/2025\\\/11\\\/Gemini_Generated_Image_zf2o3czf2o3czf2o.png\",\"filename\":\"Gemini_Generated_Image_zf2o3czf2o3czf2o.png\",\"mime\":\"image\\\/png\",\"ext\":\"png\",\"size\":1358145},\"sizes\":{\"thumbnail\":{\"path\":\"E:\\\\Wnmp\\\\nginx-bins\\\\default\\\\www\\\\adv","{\"file\":{\"path\":\"E:\\\\Wnmp\\\\nginx-bins\\\\default\\\\www\\\\advcms\\\\uploads\\\\2025\\\\11\\\\toolxox-com-BgJPV.jpg\",\"url\":\"https:\\\/\\\/aloelo.dev\\\/advcms\\\/uploads\\\/2025\\\/11\\\/toolxox-com-BgJPV.jpg\",\"filename\":\"toolxox-com-BgJPV.jpg\",\"mime\":\"image\\\/jpeg\",\"ext\":\"jpg\",\"size\":94704},\"sizes\":{\"thumbnail\":{\"path\":\"E:\\\\Wnmp\\\\nginx-bins\\\\default\\\\www\\\\advcms\\\\uploads\\\\2025\\\\11\\\\toolxox-com-BgJPV-150x150.jpg\",\"url\":\"https"]
2025-12-10 22:52:54 - qp_media_list DEBUG: file_mode=images total_db=47 returned=0 ids=
2025-12-10 22:53:03 - Action: qp_media_list
2025-12-10 22:53:03 - REQUEST_VARS: {"action":"qp_media_list","p":"1","per_page":"24","file_mode":"jpeg"}
2025-12-10 22:53:03 - qp_media_list DEBUG: file_mode=jpeg total_db=25 returned=24 ids=156,155,154,149,132,129,128,124,123,122,121,120,113,109,108,88,83,82,81,78,77,14,13,12
2025-12-10 22:53:03 - Action: qp_media_list
2025-12-10 22:53:03 - REQUEST_VARS: {"action":"qp_media_list","p":"1","per_page":"24","file_mode":"jpeg"}
2025-12-10 22:53:03 - qp_media_list DEBUG: file_mode=jpeg total_db=25 returned=24 ids=156,155,154,149,132,129,128,124,123,122,121,120,113,109,108,88,83,82,81,78,77,14,13,12
2025-12-10 22:53:04 - Action: qp_media_list
2025-12-10 22:53:04 - REQUEST_VARS: {"action":"qp_media_list","p":"3","per_page":"24","file_mode":"jpeg"}
2025-12-10 22:53:04 - qp_media_list DEBUG: file_mode=jpeg total_db=25 returned=0 ids=
2025-12-10 22:53:06 - Action: qp_media_list
2025-12-10 22:53:06 - REQUEST_VARS: {"action":"qp_media_list","p":"1","per_page":"24","file_mode":"jpg"}
2025-12-10 22:53:06 - qp_media_list DEBUG: file_mode=jpg total_db=24 returned=24 ids=155,154,149,132,129,128,124,123,122,121,120,113,109,108,88,83,82,81,78,77,14,13,12,11
2025-12-10 22:53:06 - Action: qp_media_list
2025-12-10 22:53:06 - REQUEST_VARS: {"action":"qp_media_list","p":"1","per_page":"24","file_mode":"jpg"}
2025-12-10 22:53:06 - qp_media_list DEBUG: file_mode=jpg total_db=24 returned=24 ids=155,154,149,132,129,128,124,123,122,121,120,113,109,108,88,83,82,81,78,77,14,13,12,11
2025-12-10 22:53:10 - Action: qp_media_list
2025-12-10 22:53:10 - REQUEST_VARS: {"action":"qp_media_list","p":"1","per_page":"24","file_mode":"png"}
2025-12-10 22:53:10 - qp_media_list DEBUG: file_mode=png total_db=18 returned=18 ids=153,152,151,148,147,146,136,134,130,127,119,114,99,97,84,80,79,76
2025-12-10 22:53:10 - Action: qp_media_list
2025-12-10 22:53:10 - REQUEST_VARS: {"action":"qp_media_list","p":"1","per_page":"24","file_mode":"png"}
2025-12-10 22:53:10 - qp_media_list DEBUG: file_mode=png total_db=18 returned=18 ids=153,152,151,148,147,146,136,134,130,127,119,114,99,97,84,80,79,76
2025-12-10 22:53:13 - Action: qp_media_list
2025-12-10 22:53:13 - REQUEST_VARS: {"action":"qp_media_list","p":"1","per_page":"24","file_mode":"webp"}
2025-12-10 22:53:13 - qp_media_list DEBUG: file_mode=webp total_db=4 returned=4 ids=143,139,133,87
2025-12-10 22:53:13 - Action: qp_media_list
2025-12-10 22:53:13 - REQUEST_VARS: {"action":"qp_media_list","p":"1","per_page":"24","file_mode":"webp"}
2025-12-10 22:53:13 - qp_media_list DEBUG: file_mode=webp total_db=4 returned=4 ids=143,139,133,87
2025-12-10 22:53:16 - Action: qp_media_list
2025-12-10 22:53:16 - REQUEST_VARS: {"action":"qp_media_list","p":"1","per_page":"24"}
2025-12-10 22:53:16 - qp_media_list DEBUG: file_mode=none total_db=48 returned=24 ids=156,155,154,153,152,151,150,149,148,147,146,143,139,136,134,133,132,130,129,128,127,124,123,122
2025-12-10 22:53:16 - Action: qp_media_list
2025-12-10 22:53:16 - REQUEST_VARS: {"action":"qp_media_list","p":"1","per_page":"24"}
2025-12-10 22:53:16 - qp_media_list DEBUG: file_mode=none total_db=48 returned=24 ids=156,155,154,153,152,151,150,149,148,147,146,143,139,136,134,133,132,130,129,128,127,124,123,122
2025-12-10 22:53:17 - Action: qp_media_list
2025-12-10 22:53:17 - REQUEST_VARS: {"action":"qp_media_list","p":"3","per_page":"24"}
2025-12-10 22:53:17 - qp_media_list DEBUG: file_mode=none total_db=48 returned=0 ids=
2025-12-10 22:53:26 - Action: qp_media_filters
2025-12-10 22:53:26 - Action: qp_media_list
2025-12-10 22:53:26 - REQUEST_VARS: {"action":"qp_media_list","p":"1","per_page":"24"}
2025-12-10 22:53:26 - qp_media_list DEBUG: file_mode=none total_db=48 returned=24 ids=156,155,154,153,152,151,150,149,148,147,146,143,139,136,134,133,132,130,129,128,127,124,123,122
2025-12-10 22:53:27 - Action: qp_media_list
2025-12-10 22:53:27 - REQUEST_VARS: {"action":"qp_media_list","p":"2","per_page":"24"}
2025-12-10 22:53:27 - qp_media_list DEBUG: file_mode=none total_db=48 returned=24 ids=121,120,119,114,113,109,108,99,97,88,87,84,83,82,81,80,79,78,77,76,14,13,12,11
2025-12-10 22:53:34 - Action: qp_media_list
2025-12-10 22:53:34 - REQUEST_VARS: {"action":"qp_media_list","p":"1","per_page":"24","file_mode":"images"}
2025-12-10 22:53:34 - qp_media_list META_SAMPLES: ["{\"file\":{\"path\":\"E:\\\\Wnmp\\\\nginx-bins\\\\default\\\\www\\\\advcms\\\\uploads\\\\2025\\\\11\\\\order_no_5228.jpg\",\"url\":\"https:\\\/\\\/aloelo.dev\\\/advcms\\\/uploads\\\/2025\\\/11\\\/order_no_5228.jpg\",\"filename\":\"order_no_5228.jpg\",\"mime\":\"image\\\/jpeg\",\"ext\":\"jpg\",\"size\":590515},\"sizes\":{\"thumbnail\":{\"path\":\"E:\\\\Wnmp\\\\nginx-bins\\\\default\\\\www\\\\advcms\\\\uploads\\\\2025\\\\11\\\\order_no_5228-150x150.jpg\",\"url\":\"https:\\\/\\\/aloelo.dev","{\"file\":{\"path\":\"E:\\\\Wnmp\\\\nginx-bins\\\\default\\\\www\\\\advcms\\\\uploads\\\\2025\\\\11\\\\order_no_5227.jpg\",\"url\":\"https:\\\/\\\/aloelo.dev\\\/advcms\\\/uploads\\\/2025\\\/11\\\/order_no_5227.jpg\",\"filename\":\"order_no_5227.jpg\",\"mime\":\"image\\\/jpeg\",\"ext\":\"jpg\",\"size\":629142},\"sizes\":{\"thumbnail\":{\"path\":\"E:\\\\Wnmp\\\\nginx-bins\\\\default\\\\www\\\\advcms\\\\uploads\\\\2025\\\\11\\\\order_no_5227-150x150.jpg\",\"url\":\"https:\\\/\\\/aloelo.dev","{\"file\":{\"path\":\"E:\\\\Wnmp\\\\nginx-bins\\\\default\\\\www\\\\advcms\\\\uploads\\\\2025\\\\11\\\\order_no_5223.jpg\",\"url\":\"https:\\\/\\\/aloelo.dev\\\/advcms\\\/uploads\\\/2025\\\/11\\\/order_no_5223.jpg\",\"filename\":\"order_no_5223.jpg\",\"mime\":\"image\\\/jpeg\",\"ext\":\"jpg\",\"size\":677482},\"sizes\":{\"thumbnail\":{\"path\":\"E:\\\\Wnmp\\\\nginx-bins\\\\default\\\\www\\\\advcms\\\\uploads\\\\2025\\\\11\\\\order_no_5223-150x150.jpg\",\"url\":\"https:\\\/\\\/aloelo.dev","{\"file\":{\"path\":\"E:\\\\Wnmp\\\\nginx-bins\\\\default\\\\www\\\\advcms\\\\uploads\\\\2025\\\\11\\\\order_no_5215.jpg\",\"url\":\"https:\\\/\\\/aloelo.dev\\\/advcms\\\/uploads\\\/2025\\\/11\\\/order_no_5215.jpg\",\"filename\":\"order_no_5215.jpg\",\"mime\":\"image\\\/jpeg\",\"ext\":\"jpg\",\"size\":723898},\"sizes\":{\"thumbnail\":{\"path\":\"E:\\\\Wnmp\\\\nginx-bins\\\\default\\\\www\\\\advcms\\\\uploads\\\\2025\\\\11\\\\order_no_5215-150x150.jpg\",\"url\":\"https:\\\/\\\/aloelo.dev","{\"file\":{\"path\":\"E:\\\\Wnmp\\\\nginx-bins\\\\default\\\\www\\\\advcms\\\\uploads\\\\2025\\\\11\\\\Gemini_Generated_Image_zf2o3czf2o3czf2o.png\",\"url\":\"https:\\\/\\\/aloelo.dev\\\/advcms\\\/uploads\\\/2025\\\/11\\\/Gemini_Generated_Image_zf2o3czf2o3czf2o.png\",\"filename\":\"Gemini_Generated_Image_zf2o3czf2o3czf2o.png\",\"mime\":\"image\\\/png\",\"ext\":\"png\",\"size\":1358145},\"sizes\":{\"thumbnail\":{\"path\":\"E:\\\\Wnmp\\\\nginx-bins\\\\default\\\\www\\\\adv","{\"file\":{\"path\":\"E:\\\\Wnmp\\\\nginx-bins\\\\default\\\\www\\\\advcms\\\\uploads\\\\2025\\\\11\\\\toolxox-com-BgJPV.jpg\",\"url\":\"https:\\\/\\\/aloelo.dev\\\/advcms\\\/uploads\\\/2025\\\/11\\\/toolxox-com-BgJPV.jpg\",\"filename\":\"toolxox-com-BgJPV.jpg\",\"mime\":\"image\\\/jpeg\",\"ext\":\"jpg\",\"size\":94704},\"sizes\":{\"thumbnail\":{\"path\":\"E:\\\\Wnmp\\\\nginx-bins\\\\default\\\\www\\\\advcms\\\\uploads\\\\2025\\\\11\\\\toolxox-com-BgJPV-150x150.jpg\",\"url\":\"https"]
2025-12-10 22:53:34 - qp_media_list DEBUG: file_mode=images total_db=47 returned=24 ids=156,155,154,153,152,151,149,148,147,146,143,139,136,134,133,132,130,129,128,127,124,123,122,121
2025-12-10 22:53:35 - Action: qp_media_list
2025-12-10 22:53:35 - REQUEST_VARS: {"action":"qp_media_list","p":"1","per_page":"24","file_mode":"images"}
2025-12-10 22:53:35 - qp_media_list META_SAMPLES: ["{\"file\":{\"path\":\"E:\\\\Wnmp\\\\nginx-bins\\\\default\\\\www\\\\advcms\\\\uploads\\\\2025\\\\11\\\\order_no_5228.jpg\",\"url\":\"https:\\\/\\\/aloelo.dev\\\/advcms\\\/uploads\\\/2025\\\/11\\\/order_no_5228.jpg\",\"filename\":\"order_no_5228.jpg\",\"mime\":\"image\\\/jpeg\",\"ext\":\"jpg\",\"size\":590515},\"sizes\":{\"thumbnail\":{\"path\":\"E:\\\\Wnmp\\\\nginx-bins\\\\default\\\\www\\\\advcms\\\\uploads\\\\2025\\\\11\\\\order_no_5228-150x150.jpg\",\"url\":\"https:\\\/\\\/aloelo.dev","{\"file\":{\"path\":\"E:\\\\Wnmp\\\\nginx-bins\\\\default\\\\www\\\\advcms\\\\uploads\\\\2025\\\\11\\\\order_no_5227.jpg\",\"url\":\"https:\\\/\\\/aloelo.dev\\\/advcms\\\/uploads\\\/2025\\\/11\\\/order_no_5227.jpg\",\"filename\":\"order_no_5227.jpg\",\"mime\":\"image\\\/jpeg\",\"ext\":\"jpg\",\"size\":629142},\"sizes\":{\"thumbnail\":{\"path\":\"E:\\\\Wnmp\\\\nginx-bins\\\\default\\\\www\\\\advcms\\\\uploads\\\\2025\\\\11\\\\order_no_5227-150x150.jpg\",\"url\":\"https:\\\/\\\/aloelo.dev","{\"file\":{\"path\":\"E:\\\\Wnmp\\\\nginx-bins\\\\default\\\\www\\\\advcms\\\\uploads\\\\2025\\\\11\\\\order_no_5223.jpg\",\"url\":\"https:\\\/\\\/aloelo.dev\\\/advcms\\\/uploads\\\/2025\\\/11\\\/order_no_5223.jpg\",\"filename\":\"order_no_5223.jpg\",\"mime\":\"image\\\/jpeg\",\"ext\":\"jpg\",\"size\":677482},\"sizes\":{\"thumbnail\":{\"path\":\"E:\\\\Wnmp\\\\nginx-bins\\\\default\\\\www\\\\advcms\\\\uploads\\\\2025\\\\11\\\\order_no_5223-150x150.jpg\",\"url\":\"https:\\\/\\\/aloelo.dev","{\"file\":{\"path\":\"E:\\\\Wnmp\\\\nginx-bins\\\\default\\\\www\\\\advcms\\\\uploads\\\\2025\\\\11\\\\order_no_5215.jpg\",\"url\":\"https:\\\/\\\/aloelo.dev\\\/advcms\\\/uploads\\\/2025\\\/11\\\/order_no_5215.jpg\",\"filename\":\"order_no_5215.jpg\",\"mime\":\"image\\\/jpeg\",\"ext\":\"jpg\",\"size\":723898},\"sizes\":{\"thumbnail\":{\"path\":\"E:\\\\Wnmp\\\\nginx-bins\\\\default\\\\www\\\\advcms\\\\uploads\\\\2025\\\\11\\\\order_no_5215-150x150.jpg\",\"url\":\"https:\\\/\\\/aloelo.dev","{\"file\":{\"path\":\"E:\\\\Wnmp\\\\nginx-bins\\\\default\\\\www\\\\advcms\\\\uploads\\\\2025\\\\11\\\\Gemini_Generated_Image_zf2o3czf2o3czf2o.png\",\"url\":\"https:\\\/\\\/aloelo.dev\\\/advcms\\\/uploads\\\/2025\\\/11\\\/Gemini_Generated_Image_zf2o3czf2o3czf2o.png\",\"filename\":\"Gemini_Generated_Image_zf2o3czf2o3czf2o.png\",\"mime\":\"image\\\/png\",\"ext\":\"png\",\"size\":1358145},\"sizes\":{\"thumbnail\":{\"path\":\"E:\\\\Wnmp\\\\nginx-bins\\\\default\\\\www\\\\adv","{\"file\":{\"path\":\"E:\\\\Wnmp\\\\nginx-bins\\\\default\\\\www\\\\advcms\\\\uploads\\\\2025\\\\11\\\\toolxox-com-BgJPV.jpg\",\"url\":\"https:\\\/\\\/aloelo.dev\\\/advcms\\\/uploads\\\/2025\\\/11\\\/toolxox-com-BgJPV.jpg\",\"filename\":\"toolxox-com-BgJPV.jpg\",\"mime\":\"image\\\/jpeg\",\"ext\":\"jpg\",\"size\":94704},\"sizes\":{\"thumbnail\":{\"path\":\"E:\\\\Wnmp\\\\nginx-bins\\\\default\\\\www\\\\advcms\\\\uploads\\\\2025\\\\11\\\\toolxox-com-BgJPV-150x150.jpg\",\"url\":\"https"]
2025-12-10 22:53:35 - qp_media_list DEBUG: file_mode=images total_db=47 returned=24 ids=156,155,154,153,152,151,149,148,147,146,143,139,136,134,133,132,130,129,128,127,124,123,122,121
2025-12-10 22:53:35 - Action: qp_media_list
2025-12-10 22:53:35 - REQUEST_VARS: {"action":"qp_media_list","p":"3","per_page":"24","file_mode":"images"}
2025-12-10 22:53:35 - qp_media_list META_SAMPLES: ["{\"file\":{\"path\":\"E:\\\\Wnmp\\\\nginx-bins\\\\default\\\\www\\\\advcms\\\\uploads\\\\2025\\\\11\\\\order_no_5228.jpg\",\"url\":\"https:\\\/\\\/aloelo.dev\\\/advcms\\\/uploads\\\/2025\\\/11\\\/order_no_5228.jpg\",\"filename\":\"order_no_5228.jpg\",\"mime\":\"image\\\/jpeg\",\"ext\":\"jpg\",\"size\":590515},\"sizes\":{\"thumbnail\":{\"path\":\"E:\\\\Wnmp\\\\nginx-bins\\\\default\\\\www\\\\advcms\\\\uploads\\\\2025\\\\11\\\\order_no_5228-150x150.jpg\",\"url\":\"https:\\\/\\\/aloelo.dev","{\"file\":{\"path\":\"E:\\\\Wnmp\\\\nginx-bins\\\\default\\\\www\\\\advcms\\\\uploads\\\\2025\\\\11\\\\order_no_5227.jpg\",\"url\":\"https:\\\/\\\/aloelo.dev\\\/advcms\\\/uploads\\\/2025\\\/11\\\/order_no_5227.jpg\",\"filename\":\"order_no_5227.jpg\",\"mime\":\"image\\\/jpeg\",\"ext\":\"jpg\",\"size\":629142},\"sizes\":{\"thumbnail\":{\"path\":\"E:\\\\Wnmp\\\\nginx-bins\\\\default\\\\www\\\\advcms\\\\uploads\\\\2025\\\\11\\\\order_no_5227-150x150.jpg\",\"url\":\"https:\\\/\\\/aloelo.dev","{\"file\":{\"path\":\"E:\\\\Wnmp\\\\nginx-bins\\\\default\\\\www\\\\advcms\\\\uploads\\\\2025\\\\11\\\\order_no_5223.jpg\",\"url\":\"https:\\\/\\\/aloelo.dev\\\/advcms\\\/uploads\\\/2025\\\/11\\\/order_no_5223.jpg\",\"filename\":\"order_no_5223.jpg\",\"mime\":\"image\\\/jpeg\",\"ext\":\"jpg\",\"size\":677482},\"sizes\":{\"thumbnail\":{\"path\":\"E:\\\\Wnmp\\\\nginx-bins\\\\default\\\\www\\\\advcms\\\\uploads\\\\2025\\\\11\\\\order_no_5223-150x150.jpg\",\"url\":\"https:\\\/\\\/aloelo.dev","{\"file\":{\"path\":\"E:\\\\Wnmp\\\\nginx-bins\\\\default\\\\www\\\\advcms\\\\uploads\\\\2025\\\\11\\\\order_no_5215.jpg\",\"url\":\"https:\\\/\\\/aloelo.dev\\\/advcms\\\/uploads\\\/2025\\\/11\\\/order_no_5215.jpg\",\"filename\":\"order_no_5215.jpg\",\"mime\":\"image\\\/jpeg\",\"ext\":\"jpg\",\"size\":723898},\"sizes\":{\"thumbnail\":{\"path\":\"E:\\\\Wnmp\\\\nginx-bins\\\\default\\\\www\\\\advcms\\\\uploads\\\\2025\\\\11\\\\order_no_5215-150x150.jpg\",\"url\":\"https:\\\/\\\/aloelo.dev","{\"file\":{\"path\":\"E:\\\\Wnmp\\\\nginx-bins\\\\default\\\\www\\\\advcms\\\\uploads\\\\2025\\\\11\\\\Gemini_Generated_Image_zf2o3czf2o3czf2o.png\",\"url\":\"https:\\\/\\\/aloelo.dev\\\/advcms\\\/uploads\\\/2025\\\/11\\\/Gemini_Generated_Image_zf2o3czf2o3czf2o.png\",\"filename\":\"Gemini_Generated_Image_zf2o3czf2o3czf2o.png\",\"mime\":\"image\\\/png\",\"ext\":\"png\",\"size\":1358145},\"sizes\":{\"thumbnail\":{\"path\":\"E:\\\\Wnmp\\\\nginx-bins\\\\default\\\\www\\\\adv","{\"file\":{\"path\":\"E:\\\\Wnmp\\\\nginx-bins\\\\default\\\\www\\\\advcms\\\\uploads\\\\2025\\\\11\\\\toolxox-com-BgJPV.jpg\",\"url\":\"https:\\\/\\\/aloelo.dev\\\/advcms\\\/uploads\\\/2025\\\/11\\\/toolxox-com-BgJPV.jpg\",\"filename\":\"toolxox-com-BgJPV.jpg\",\"mime\":\"image\\\/jpeg\",\"ext\":\"jpg\",\"size\":94704},\"sizes\":{\"thumbnail\":{\"path\":\"E:\\\\Wnmp\\\\nginx-bins\\\\default\\\\www\\\\advcms\\\\uploads\\\\2025\\\\11\\\\toolxox-com-BgJPV-150x150.jpg\",\"url\":\"https"]
2025-12-10 22:53:35 - qp_media_list DEBUG: file_mode=images total_db=47 returned=0 ids=
2025-12-10 22:59:29 - Action: qp_media_filters
2025-12-10 22:59:29 - Action: qp_media_list
2025-12-10 22:59:29 - REQUEST_VARS: {"action":"qp_media_list","p":"1","per_page":"24"}
2025-12-10 22:59:29 - qp_media_list DEBUG: file_mode=none total_db=48 returned=24 ids=156,155,154,153,152,151,150,149,148,147,146,143,139,136,134,133,132,130,129,128,127,124,123,122
2025-12-10 22:59:33 - Action: qp_media_list
2025-12-10 22:59:33 - REQUEST_VARS: {"action":"qp_media_list","p":"1","per_page":"24","file_mode":"images"}
2025-12-10 22:59:33 - qp_media_list META_SAMPLES: ["{\"file\":{\"path\":\"E:\\\\Wnmp\\\\nginx-bins\\\\default\\\\www\\\\advcms\\\\uploads\\\\2025\\\\11\\\\order_no_5228.jpg\",\"url\":\"https:\\\/\\\/aloelo.dev\\\/advcms\\\/uploads\\\/2025\\\/11\\\/order_no_5228.jpg\",\"filename\":\"order_no_5228.jpg\",\"mime\":\"image\\\/jpeg\",\"ext\":\"jpg\",\"size\":590515},\"sizes\":{\"thumbnail\":{\"path\":\"E:\\\\Wnmp\\\\nginx-bins\\\\default\\\\www\\\\advcms\\\\uploads\\\\2025\\\\11\\\\order_no_5228-150x150.jpg\",\"url\":\"https:\\\/\\\/aloelo.dev","{\"file\":{\"path\":\"E:\\\\Wnmp\\\\nginx-bins\\\\default\\\\www\\\\advcms\\\\uploads\\\\2025\\\\11\\\\order_no_5227.jpg\",\"url\":\"https:\\\/\\\/aloelo.dev\\\/advcms\\\/uploads\\\/2025\\\/11\\\/order_no_5227.jpg\",\"filename\":\"order_no_5227.jpg\",\"mime\":\"image\\\/jpeg\",\"ext\":\"jpg\",\"size\":629142},\"sizes\":{\"thumbnail\":{\"path\":\"E:\\\\Wnmp\\\\nginx-bins\\\\default\\\\www\\\\advcms\\\\uploads\\\\2025\\\\11\\\\order_no_5227-150x150.jpg\",\"url\":\"https:\\\/\\\/aloelo.dev","{\"file\":{\"path\":\"E:\\\\Wnmp\\\\nginx-bins\\\\default\\\\www\\\\advcms\\\\uploads\\\\2025\\\\11\\\\order_no_5223.jpg\",\"url\":\"https:\\\/\\\/aloelo.dev\\\/advcms\\\/uploads\\\/2025\\\/11\\\/order_no_5223.jpg\",\"filename\":\"order_no_5223.jpg\",\"mime\":\"image\\\/jpeg\",\"ext\":\"jpg\",\"size\":677482},\"sizes\":{\"thumbnail\":{\"path\":\"E:\\\\Wnmp\\\\nginx-bins\\\\default\\\\www\\\\advcms\\\\uploads\\\\2025\\\\11\\\\order_no_5223-150x150.jpg\",\"url\":\"https:\\\/\\\/aloelo.dev","{\"file\":{\"path\":\"E:\\\\Wnmp\\\\nginx-bins\\\\default\\\\www\\\\advcms\\\\uploads\\\\2025\\\\11\\\\order_no_5215.jpg\",\"url\":\"https:\\\/\\\/aloelo.dev\\\/advcms\\\/uploads\\\/2025\\\/11\\\/order_no_5215.jpg\",\"filename\":\"order_no_5215.jpg\",\"mime\":\"image\\\/jpeg\",\"ext\":\"jpg\",\"size\":723898},\"sizes\":{\"thumbnail\":{\"path\":\"E:\\\\Wnmp\\\\nginx-bins\\\\default\\\\www\\\\advcms\\\\uploads\\\\2025\\\\11\\\\order_no_5215-150x150.jpg\",\"url\":\"https:\\\/\\\/aloelo.dev","{\"file\":{\"path\":\"E:\\\\Wnmp\\\\nginx-bins\\\\default\\\\www\\\\advcms\\\\uploads\\\\2025\\\\11\\\\Gemini_Generated_Image_zf2o3czf2o3czf2o.png\",\"url\":\"https:\\\/\\\/aloelo.dev\\\/advcms\\\/uploads\\\/2025\\\/11\\\/Gemini_Generated_Image_zf2o3czf2o3czf2o.png\",\"filename\":\"Gemini_Generated_Image_zf2o3czf2o3czf2o.png\",\"mime\":\"image\\\/png\",\"ext\":\"png\",\"size\":1358145},\"sizes\":{\"thumbnail\":{\"path\":\"E:\\\\Wnmp\\\\nginx-bins\\\\default\\\\www\\\\adv","{\"file\":{\"path\":\"E:\\\\Wnmp\\\\nginx-bins\\\\default\\\\www\\\\advcms\\\\uploads\\\\2025\\\\11\\\\toolxox-com-BgJPV.jpg\",\"url\":\"https:\\\/\\\/aloelo.dev\\\/advcms\\\/uploads\\\/2025\\\/11\\\/toolxox-com-BgJPV.jpg\",\"filename\":\"toolxox-com-BgJPV.jpg\",\"mime\":\"image\\\/jpeg\",\"ext\":\"jpg\",\"size\":94704},\"sizes\":{\"thumbnail\":{\"path\":\"E:\\\\Wnmp\\\\nginx-bins\\\\default\\\\www\\\\advcms\\\\uploads\\\\2025\\\\11\\\\toolxox-com-BgJPV-150x150.jpg\",\"url\":\"https"]
2025-12-10 22:59:33 - qp_media_list DEBUG: file_mode=images total_db=47 returned=24 ids=156,155,154,153,152,151,149,148,147,146,143,139,136,134,133,132,130,129,128,127,124,123,122,121
2025-12-10 23:02:17 - Action: qp_media_filters
2025-12-10 23:02:17 - Action: qp_media_list
2025-12-10 23:02:17 - REQUEST_VARS: {"action":"qp_media_list","p":"1","per_page":"24"}
2025-12-10 23:02:17 - qp_media_list DEBUG: file_mode=none total_db=48 returned=24 ids=156,155,154,153,152,151,150,149,148,147,146,143,139,136,134,133,132,130,129,128,127,124,123,122
2025-12-10 23:02:18 - Action: qp_media_list
2025-12-10 23:02:18 - REQUEST_VARS: {"action":"qp_media_list","p":"2","per_page":"24"}
2025-12-10 23:02:18 - qp_media_list DEBUG: file_mode=none total_db=48 returned=24 ids=121,120,119,114,113,109,108,99,97,88,87,84,83,82,81,80,79,78,77,76,14,13,12,11
2025-12-10 23:02:26 - Action: qp_media_filters
2025-12-10 23:02:26 - Action: qp_media_list
2025-12-10 23:02:26 - REQUEST_VARS: {"action":"qp_media_list","p":"1","per_page":"24"}
2025-12-10 23:02:26 - qp_media_list DEBUG: file_mode=none total_db=48 returned=24 ids=156,155,154,153,152,151,150,149,148,147,146,143,139,136,134,133,132,130,129,128,127,124,123,122
2025-12-10 23:02:32 - Action: qp_media_list
2025-12-10 23:02:32 - REQUEST_VARS: {"action":"qp_media_list","p":"1","per_page":"24","file_mode":"pdf"}
2025-12-10 23:02:32 - qp_media_list DEBUG: file_mode=pdf total_db=1 returned=1 ids=150
2025-12-10 23:02:34 - Action: qp_media_list
2025-12-10 23:02:34 - REQUEST_VARS: {"action":"qp_media_list","p":"1","per_page":"24","file_mode":"png"}
2025-12-10 23:02:34 - qp_media_list DEBUG: file_mode=png total_db=18 returned=18 ids=153,152,151,148,147,146,136,134,130,127,119,114,99,97,84,80,79,76
2025-12-10 23:02:36 - Action: qp_media_list
2025-12-10 23:02:36 - REQUEST_VARS: {"action":"qp_media_list","p":"1","per_page":"24","file_mode":"webp"}
2025-12-10 23:02:36 - qp_media_list DEBUG: file_mode=webp total_db=4 returned=4 ids=143,139,133,87
2025-12-10 23:02:40 - Action: qp_media_list
2025-12-10 23:02:40 - REQUEST_VARS: {"action":"qp_media_list","p":"1","per_page":"24","file_mode":"images"}
2025-12-10 23:02:40 - qp_media_list META_SAMPLES: ["{\"file\":{\"path\":\"E:\\\\Wnmp\\\\nginx-bins\\\\default\\\\www\\\\advcms\\\\uploads\\\\2025\\\\11\\\\order_no_5228.jpg\",\"url\":\"https:\\\/\\\/aloelo.dev\\\/advcms\\\/uploads\\\/2025\\\/11\\\/order_no_5228.jpg\",\"filename\":\"order_no_5228.jpg\",\"mime\":\"image\\\/jpeg\",\"ext\":\"jpg\",\"size\":590515},\"sizes\":{\"thumbnail\":{\"path\":\"E:\\\\Wnmp\\\\nginx-bins\\\\default\\\\www\\\\advcms\\\\uploads\\\\2025\\\\11\\\\order_no_5228-150x150.jpg\",\"url\":\"https:\\\/\\\/aloelo.dev","{\"file\":{\"path\":\"E:\\\\Wnmp\\\\nginx-bins\\\\default\\\\www\\\\advcms\\\\uploads\\\\2025\\\\11\\\\order_no_5227.jpg\",\"url\":\"https:\\\/\\\/aloelo.dev\\\/advcms\\\/uploads\\\/2025\\\/11\\\/order_no_5227.jpg\",\"filename\":\"order_no_5227.jpg\",\"mime\":\"image\\\/jpeg\",\"ext\":\"jpg\",\"size\":629142},\"sizes\":{\"thumbnail\":{\"path\":\"E:\\\\Wnmp\\\\nginx-bins\\\\default\\\\www\\\\advcms\\\\uploads\\\\2025\\\\11\\\\order_no_5227-150x150.jpg\",\"url\":\"https:\\\/\\\/aloelo.dev","{\"file\":{\"path\":\"E:\\\\Wnmp\\\\nginx-bins\\\\default\\\\www\\\\advcms\\\\uploads\\\\2025\\\\11\\\\order_no_5223.jpg\",\"url\":\"https:\\\/\\\/aloelo.dev\\\/advcms\\\/uploads\\\/2025\\\/11\\\/order_no_5223.jpg\",\"filename\":\"order_no_5223.jpg\",\"mime\":\"image\\\/jpeg\",\"ext\":\"jpg\",\"size\":677482},\"sizes\":{\"thumbnail\":{\"path\":\"E:\\\\Wnmp\\\\nginx-bins\\\\default\\\\www\\\\advcms\\\\uploads\\\\2025\\\\11\\\\order_no_5223-150x150.jpg\",\"url\":\"https:\\\/\\\/aloelo.dev","{\"file\":{\"path\":\"E:\\\\Wnmp\\\\nginx-bins\\\\default\\\\www\\\\advcms\\\\uploads\\\\2025\\\\11\\\\order_no_5215.jpg\",\"url\":\"https:\\\/\\\/aloelo.dev\\\/advcms\\\/uploads\\\/2025\\\/11\\\/order_no_5215.jpg\",\"filename\":\"order_no_5215.jpg\",\"mime\":\"image\\\/jpeg\",\"ext\":\"jpg\",\"size\":723898},\"sizes\":{\"thumbnail\":{\"path\":\"E:\\\\Wnmp\\\\nginx-bins\\\\default\\\\www\\\\advcms\\\\uploads\\\\2025\\\\11\\\\order_no_5215-150x150.jpg\",\"url\":\"https:\\\/\\\/aloelo.dev","{\"file\":{\"path\":\"E:\\\\Wnmp\\\\nginx-bins\\\\default\\\\www\\\\advcms\\\\uploads\\\\2025\\\\11\\\\Gemini_Generated_Image_zf2o3czf2o3czf2o.png\",\"url\":\"https:\\\/\\\/aloelo.dev\\\/advcms\\\/uploads\\\/2025\\\/11\\\/Gemini_Generated_Image_zf2o3czf2o3czf2o.png\",\"filename\":\"Gemini_Generated_Image_zf2o3czf2o3czf2o.png\",\"mime\":\"image\\\/png\",\"ext\":\"png\",\"size\":1358145},\"sizes\":{\"thumbnail\":{\"path\":\"E:\\\\Wnmp\\\\nginx-bins\\\\default\\\\www\\\\adv","{\"file\":{\"path\":\"E:\\\\Wnmp\\\\nginx-bins\\\\default\\\\www\\\\advcms\\\\uploads\\\\2025\\\\11\\\\toolxox-com-BgJPV.jpg\",\"url\":\"https:\\\/\\\/aloelo.dev\\\/advcms\\\/uploads\\\/2025\\\/11\\\/toolxox-com-BgJPV.jpg\",\"filename\":\"toolxox-com-BgJPV.jpg\",\"mime\":\"image\\\/jpeg\",\"ext\":\"jpg\",\"size\":94704},\"sizes\":{\"thumbnail\":{\"path\":\"E:\\\\Wnmp\\\\nginx-bins\\\\default\\\\www\\\\advcms\\\\uploads\\\\2025\\\\11\\\\toolxox-com-BgJPV-150x150.jpg\",\"url\":\"https"]
2025-12-10 23:02:40 - qp_media_list DEBUG: file_mode=images total_db=47 returned=24 ids=156,155,154,153,152,151,149,148,147,146,143,139,136,134,133,132,130,129,128,127,124,123,122,121
2025-12-10 23:02:43 - Action: qp_media_list
2025-12-10 23:02:43 - REQUEST_VARS: {"action":"qp_media_list","p":"2","per_page":"24","file_mode":"images"}
2025-12-10 23:02:43 - qp_media_list META_SAMPLES: ["{\"file\":{\"path\":\"E:\\\\Wnmp\\\\nginx-bins\\\\default\\\\www\\\\advcms\\\\uploads\\\\2025\\\\11\\\\order_no_5228.jpg\",\"url\":\"https:\\\/\\\/aloelo.dev\\\/advcms\\\/uploads\\\/2025\\\/11\\\/order_no_5228.jpg\",\"filename\":\"order_no_5228.jpg\",\"mime\":\"image\\\/jpeg\",\"ext\":\"jpg\",\"size\":590515},\"sizes\":{\"thumbnail\":{\"path\":\"E:\\\\Wnmp\\\\nginx-bins\\\\default\\\\www\\\\advcms\\\\uploads\\\\2025\\\\11\\\\order_no_5228-150x150.jpg\",\"url\":\"https:\\\/\\\/aloelo.dev","{\"file\":{\"path\":\"E:\\\\Wnmp\\\\nginx-bins\\\\default\\\\www\\\\advcms\\\\uploads\\\\2025\\\\11\\\\order_no_5227.jpg\",\"url\":\"https:\\\/\\\/aloelo.dev\\\/advcms\\\/uploads\\\/2025\\\/11\\\/order_no_5227.jpg\",\"filename\":\"order_no_5227.jpg\",\"mime\":\"image\\\/jpeg\",\"ext\":\"jpg\",\"size\":629142},\"sizes\":{\"thumbnail\":{\"path\":\"E:\\\\Wnmp\\\\nginx-bins\\\\default\\\\www\\\\advcms\\\\uploads\\\\2025\\\\11\\\\order_no_5227-150x150.jpg\",\"url\":\"https:\\\/\\\/aloelo.dev","{\"file\":{\"path\":\"E:\\\\Wnmp\\\\nginx-bins\\\\default\\\\www\\\\advcms\\\\uploads\\\\2025\\\\11\\\\order_no_5223.jpg\",\"url\":\"https:\\\/\\\/aloelo.dev\\\/advcms\\\/uploads\\\/2025\\\/11\\\/order_no_5223.jpg\",\"filename\":\"order_no_5223.jpg\",\"mime\":\"image\\\/jpeg\",\"ext\":\"jpg\",\"size\":677482},\"sizes\":{\"thumbnail\":{\"path\":\"E:\\\\Wnmp\\\\nginx-bins\\\\default\\\\www\\\\advcms\\\\uploads\\\\2025\\\\11\\\\order_no_5223-150x150.jpg\",\"url\":\"https:\\\/\\\/aloelo.dev","{\"file\":{\"path\":\"E:\\\\Wnmp\\\\nginx-bins\\\\default\\\\www\\\\advcms\\\\uploads\\\\2025\\\\11\\\\order_no_5215.jpg\",\"url\":\"https:\\\/\\\/aloelo.dev\\\/advcms\\\/uploads\\\/2025\\\/11\\\/order_no_5215.jpg\",\"filename\":\"order_no_5215.jpg\",\"mime\":\"image\\\/jpeg\",\"ext\":\"jpg\",\"size\":723898},\"sizes\":{\"thumbnail\":{\"path\":\"E:\\\\Wnmp\\\\nginx-bins\\\\default\\\\www\\\\advcms\\\\uploads\\\\2025\\\\11\\\\order_no_5215-150x150.jpg\",\"url\":\"https:\\\/\\\/aloelo.dev","{\"file\":{\"path\":\"E:\\\\Wnmp\\\\nginx-bins\\\\default\\\\www\\\\advcms\\\\uploads\\\\2025\\\\11\\\\Gemini_Generated_Image_zf2o3czf2o3czf2o.png\",\"url\":\"https:\\\/\\\/aloelo.dev\\\/advcms\\\/uploads\\\/2025\\\/11\\\/Gemini_Generated_Image_zf2o3czf2o3czf2o.png\",\"filename\":\"Gemini_Generated_Image_zf2o3czf2o3czf2o.png\",\"mime\":\"image\\\/png\",\"ext\":\"png\",\"size\":1358145},\"sizes\":{\"thumbnail\":{\"path\":\"E:\\\\Wnmp\\\\nginx-bins\\\\default\\\\www\\\\adv","{\"file\":{\"path\":\"E:\\\\Wnmp\\\\nginx-bins\\\\default\\\\www\\\\advcms\\\\uploads\\\\2025\\\\11\\\\toolxox-com-BgJPV.jpg\",\"url\":\"https:\\\/\\\/aloelo.dev\\\/advcms\\\/uploads\\\/2025\\\/11\\\/toolxox-com-BgJPV.jpg\",\"filename\":\"toolxox-com-BgJPV.jpg\",\"mime\":\"image\\\/jpeg\",\"ext\":\"jpg\",\"size\":94704},\"sizes\":{\"thumbnail\":{\"path\":\"E:\\\\Wnmp\\\\nginx-bins\\\\default\\\\www\\\\advcms\\\\uploads\\\\2025\\\\11\\\\toolxox-com-BgJPV-150x150.jpg\",\"url\":\"https"]
2025-12-10 23:02:43 - qp_media_list DEBUG: file_mode=images total_db=47 returned=23 ids=120,119,114,113,109,108,99,97,88,87,84,83,82,81,80,79,78,77,76,14,13,12,11
2025-12-10 23:02:48 - Action: qp_media_list
2025-12-10 23:02:48 - REQUEST_VARS: {"action":"qp_media_list","p":"1","per_page":"24"}
2025-12-10 23:02:48 - qp_media_list DEBUG: file_mode=none total_db=48 returned=24 ids=156,155,154,153,152,151,150,149,148,147,146,143,139,136,134,133,132,130,129,128,127,124,123,122
2025-12-10 23:02:51 - Action: qp_media_list
2025-12-10 23:02:51 - REQUEST_VARS: {"action":"qp_media_list","p":"1","per_page":"24","uploaded_month":"2025-12"}
2025-12-10 23:02:51 - qp_media_list DEBUG: file_mode=none total_db=11 returned=11 ids=156,155,154,153,152,151,150,149,148,147,146
2025-12-10 23:02:55 - Action: qp_media_list
2025-12-10 23:02:55 - REQUEST_VARS: {"action":"qp_media_list","p":"1","per_page":"24","uploaded_month":"2025-11"}
2025-12-10 23:02:55 - qp_media_list DEBUG: file_mode=none total_db=37 returned=24 ids=143,139,136,134,133,132,130,129,128,127,124,123,122,121,120,119,114,113,109,108,99,97,88,87
2025-12-10 23:02:55 - Action: qp_media_list
2025-12-10 23:02:55 - REQUEST_VARS: {"action":"qp_media_list","p":"2","per_page":"24","uploaded_month":"2025-11"}
2025-12-10 23:02:55 - qp_media_list DEBUG: file_mode=none total_db=37 returned=13 ids=84,83,82,81,80,79,78,77,76,14,13,12,11
2025-12-10 23:02:59 - Action: qp_media_list
2025-12-10 23:02:59 - REQUEST_VARS: {"action":"qp_media_list","p":"1","per_page":"24"}
2025-12-10 23:02:59 - qp_media_list DEBUG: file_mode=none total_db=48 returned=24 ids=156,155,154,153,152,151,150,149,148,147,146,143,139,136,134,133,132,130,129,128,127,124,123,122
2025-12-10 23:02:59 - Action: qp_media_list
2025-12-10 23:02:59 - REQUEST_VARS: {"action":"qp_media_list","p":"1","per_page":"24"}
2025-12-10 23:02:59 - qp_media_list DEBUG: file_mode=none total_db=48 returned=24 ids=156,155,154,153,152,151,150,149,148,147,146,143,139,136,134,133,132,130,129,128,127,124,123,122
2025-12-10 23:05:02 - Action: qp_media_list
2025-12-10 23:05:02 - REQUEST_VARS: {"action":"qp_media_list","p":"3","per_page":"24"}
2025-12-10 23:05:02 - qp_media_list DEBUG: file_mode=none total_db=48 returned=0 ids=
